

================================================================
== Vivado HLS Report for 'calcHaarPattern_x_y'
================================================================
* Date:           Thu Aug 27 17:06:05 2020

* Version:        2018.3 (Build 2405991 on Thu Dec 06 23:56:15 MST 2018)
* Project:        HLS_SURF_Simplified
* Solution:       solution1
* Product family: zynq
* Target device:  xc7z020clg400-2


================================================================
== Performance Estimates
================================================================
+ Timing (ns): 
    * Summary: 
    +--------+-------+----------+------------+
    |  Clock | Target| Estimated| Uncertainty|
    +--------+-------+----------+------------+
    |ap_clk  |  10.00|     8.153|        1.25|
    +--------+-------+----------+------------+

+ Latency (clock cycles): 
    * Summary: 
    +-----+-----+-----+-----+---------+
    |  Latency  |  Interval | Pipeline|
    | min | max | min | max |   Type  |
    +-----+-----+-----+-----+---------+
    |   28|   28|   28|   28|   none  |
    +-----+-----+-----+-----+---------+

    + Detail: 
        * Instance: 
        N/A

        * Loop: 
        +----------------------+-----+-----+----------+-----------+-----------+------+----------+
        |                      |  Latency  | Iteration|  Initiation Interval  | Trip |          |
        |       Loop Name      | min | max |  Latency |  achieved |   target  | Count| Pipelined|
        +----------------------+-----+-----+----------+-----------+-----------+------+----------+
        |- calcHaarPattern_kn  |   27|   27|         9|          -|          -|     3|    no    |
        +----------------------+-----+-----+----------+-----------+-----------+------+----------+



================================================================
== Utilization Estimates
================================================================
* Summary: 
+-----------------+---------+-------+--------+-------+
|       Name      | BRAM_18K| DSP48E|   FF   |  LUT  |
+-----------------+---------+-------+--------+-------+
|DSP              |        -|      2|       -|      -|
|Expression       |        -|      1|       0|   4020|
|FIFO             |        -|      -|       -|      -|
|Instance         |        -|      -|       -|      -|
|Memory           |        -|      -|       -|      -|
|Multiplexer      |        -|      -|       -|     21|
|Register         |        -|      -|     483|      -|
+-----------------+---------+-------+--------+-------+
|Total            |        0|      3|     483|   4041|
+-----------------+---------+-------+--------+-------+
|Available        |      280|    220|  106400|  53200|
+-----------------+---------+-------+--------+-------+
|Utilization (%)  |        0|      1|   ~0   |      7|
+-----------------+---------+-------+--------+-------+

+ Detail: 
    * Instance: 
    N/A

    * DSP48: 
    +--------------------------+----------------------+-----------+
    |         Instance         |        Module        | Expression|
    +--------------------------+----------------------+-----------+
    |surf_Simplified_mbkb_U22  |surf_Simplified_mbkb  |  i0 * i1  |
    |surf_Simplified_mbkb_U23  |surf_Simplified_mbkb  |  i0 * i1  |
    +--------------------------+----------------------+-----------+

    * Memory: 
    N/A

    * FIFO: 
    N/A

    * Expression: 
    +-----------------------+----------+-------+---+-----+------------+------------+
    |     Variable Name     | Operation| DSP48E| FF| LUT | Bitwidth P0| Bitwidth P1|
    +-----------------------+----------+-------+---+-----+------------+------------+
    |r_V_s_fu_926_p2        |     *    |      1|  0|   21|          32|          32|
    |Hi_assign_3_fu_634_p2  |     +    |      0|  0|   27|          27|           2|
    |Hi_assign_fu_461_p2    |     +    |      0|  0|   27|          27|           2|
    |d_V_fu_930_p2          |     +    |      0|  0|   32|          32|          32|
    |kn_1_fu_283_p2         |     +    |      0|  0|    3|           2|           1|
    |ret_V_2_fu_335_p2      |     +    |      0|  0|   22|          22|           1|
    |ret_V_4_fu_418_p2      |     +    |      0|  0|   22|          22|           1|
    |ret_V_6_fu_508_p2      |     +    |      0|  0|   22|          22|           1|
    |ret_V_8_fu_591_p2      |     +    |      0|  0|   22|          22|           1|
    |tmp_113_fu_384_p2      |     +    |      0|  0|   16|          16|          16|
    |tmp_11_fu_875_p2       |     +    |      0|  0|   16|          16|          16|
    |tmp_12_fu_884_p2       |     +    |      0|  0|   16|          16|          16|
    |tmp_142_fu_557_p2      |     +    |      0|  0|   16|          16|          16|
    |tmp_14_fu_617_p2       |     +    |      0|  0|   23|          23|          23|
    |tmp_16_fu_640_p2       |     +    |      0|  0|   23|          23|          23|
    |tmp_1_fu_267_p2        |     +    |      0|  0|    7|           7|           1|
    |tmp_21_fu_893_p2       |     +    |      0|  0|   16|          16|          16|
    |tmp_22_fu_897_p2       |     +    |      0|  0|   16|          16|          16|
    |tmp_3_fu_293_p2        |     +    |      0|  0|    7|           5|           5|
    |tmp_6_fu_444_p2        |     +    |      0|  0|   23|          23|          23|
    |tmp_9_fu_467_p2        |     +    |      0|  0|   23|          23|          23|
    |tmp_V_fu_920_p2        |     +    |      0|  0|   32|          32|          32|
    |tmp_121_fu_689_p2      |     -    |      0|  0|    8|           8|           8|
    |tmp_122_fu_694_p2      |     -    |      0|  0|    8|           8|           8|
    |tmp_123_fu_700_p2      |     -    |      0|  0|    8|           8|           8|
    |tmp_127_fu_728_p2      |     -    |      0|  0|    8|           8|           8|
    |tmp_150_fu_800_p2      |     -    |      0|  0|    8|           8|           8|
    |tmp_151_fu_805_p2      |     -    |      0|  0|    8|           8|           8|
    |tmp_152_fu_811_p2      |     -    |      0|  0|    8|           8|           8|
    |tmp_156_fu_839_p2      |     -    |      0|  0|    8|           8|           8|
    |tmp_18_fu_909_p2       |     -    |      0|  0|   32|          32|          32|
    |tmp_19_fu_915_p2       |     -    |      0|  0|   32|          32|          32|
    |tmp_s_fu_253_p2        |     -    |      0|  0|    7|           5|           5|
    |p_Result_5_fu_754_p2   |    and   |      0|  0|  176|         176|         176|
    |p_Result_8_fu_865_p2   |    and   |      0|  0|  176|         176|         176|
    |exitcond_fu_277_p2     |   icmp   |      0|  0|    1|           2|           2|
    |tmp_10_fu_502_p2       |   icmp   |      0|  0|    5|          10|           1|
    |tmp_117_fu_667_p2      |   icmp   |      0|  0|   12|          32|          32|
    |tmp_13_fu_585_p2       |   icmp   |      0|  0|    5|          10|           1|
    |tmp_146_fu_778_p2      |   icmp   |      0|  0|   12|          32|          32|
    |tmp_2_fu_329_p2        |   icmp   |      0|  0|    5|          10|           1|
    |tmp_5_fu_412_p2        |   icmp   |      0|  0|    5|          10|           1|
    |tmp_130_fu_742_p2      |   lshr   |      0|  0|  630|         176|         176|
    |tmp_131_fu_748_p2      |   lshr   |      0|  0|  630|           2|         176|
    |tmp_159_fu_853_p2      |   lshr   |      0|  0|  630|         176|         176|
    |tmp_160_fu_859_p2      |   lshr   |      0|  0|  630|           2|         176|
    |p_1_fu_424_p3          |  select  |      0|  0|   22|           1|          22|
    |p_2_fu_432_p3          |  select  |      0|  0|   22|           1|          22|
    |p_3_fu_597_p3          |  select  |      0|  0|   22|           1|          22|
    |p_4_fu_605_p3          |  select  |      0|  0|   22|           1|          22|
    |tmp_110_fu_358_p3      |  select  |      0|  0|   16|           1|          16|
    |tmp_112_fu_376_p3      |  select  |      0|  0|   16|           1|          16|
    |tmp_124_fu_705_p3      |  select  |      0|  0|    8|           1|           8|
    |tmp_125_fu_713_p3      |  select  |      0|  0|  176|           1|         176|
    |tmp_126_fu_720_p3      |  select  |      0|  0|    8|           1|           8|
    |tmp_139_fu_531_p3      |  select  |      0|  0|   16|           1|          16|
    |tmp_141_fu_549_p3      |  select  |      0|  0|   16|           1|          16|
    |tmp_153_fu_816_p3      |  select  |      0|  0|    8|           1|           8|
    |tmp_154_fu_824_p3      |  select  |      0|  0|  176|           1|         176|
    |tmp_155_fu_831_p3      |  select  |      0|  0|    8|           1|           8|
    +-----------------------+----------+-------+---+-----+------------+------------+
    |Total                  |          |      1|  0| 4020|        1401|        2094|
    +-----------------------+----------+-------+---+-----+------------+------------+

    * Multiplexer: 
    +-------------------+----+-----------+-----+-----------+
    |        Name       | LUT| Input Size| Bits| Total Bits|
    +-------------------+----+-----------+-----+-----------+
    |ap_NS_fsm          |   6|         11|    1|         11|
    |ap_return          |   3|          2|   32|         64|
    |kn_reg_226         |   3|          2|    2|          4|
    |p_Val2_16_reg_214  |   3|          2|   32|         64|
    |sumBuf_address0    |   3|          3|   15|         45|
    |sumBuf_address1    |   3|          3|   15|         45|
    +-------------------+----+-----------+-----+-----------+
    |Total              |  21|         23|   97|        233|
    +-------------------+----+-----------+-----+-----------+

    * Register: 
    +-----------------------+----+----+-----+-----------+
    |          Name         | FF | LUT| Bits| Const Bits|
    +-----------------------+----+----+-----+-----------+
    |Hi_assign_3_reg_1044   |  24|   0|   27|          3|
    |Hi_assign_reg_1017     |  24|   0|   27|          3|
    |ap_CS_fsm              |  10|   0|   10|          0|
    |ap_return_preg         |  32|   0|   32|          0|
    |box_4_V_load_reg_1065  |  32|   0|   32|          0|
    |kn_1_reg_981           |   2|   0|    2|          0|
    |kn_reg_226             |   2|   0|    2|          0|
    |p_Val2_16_reg_214      |  32|   0|   32|          0|
    |r_V_s_reg_1126         |  32|   0|   32|          0|
    |tmp_113_reg_1011       |  16|   0|   16|          0|
    |tmp_116_reg_1027       |   5|   0|    5|          0|
    |tmp_119_reg_1032       |   5|   0|    8|          3|
    |tmp_133_reg_1070       |  16|   0|   16|          0|
    |tmp_142_reg_1038       |  16|   0|   16|          0|
    |tmp_145_reg_1054       |   5|   0|    5|          0|
    |tmp_148_reg_1059       |   5|   0|    8|          3|
    |tmp_162_reg_1075       |  16|   0|   16|          0|
    |tmp_16_reg_1049        |  23|   0|   23|          0|
    |tmp_18_reg_1116        |  32|   0|   32|          0|
    |tmp_21_reg_1096        |  16|   0|   16|          0|
    |tmp_22_cast_reg_972    |  23|   0|   23|          0|
    |tmp_22_reg_1101        |  16|   0|   16|          0|
    |tmp_8_reg_1080         |  16|   0|   16|          0|
    |tmp_9_reg_1022         |  23|   0|   23|          0|
    |tmp_V_reg_1121         |  32|   0|   32|          0|
    |tmp_cast1_reg_966      |  23|   0|   23|          0|
    |tmp_s_reg_961          |   5|   0|    5|          0|
    +-----------------------+----+----+-----+-----------+
    |Total                  | 483|   0|  495|         12|
    +-----------------------+----+----+-----+-----------+



================================================================
== Interface
================================================================
* Summary: 
+------------------+-----+-----+------------+---------------------+--------------+
|     RTL Ports    | Dir | Bits|  Protocol  |    Source Object    |    C Type    |
+------------------+-----+-----+------------+---------------------+--------------+
|ap_clk            |  in |    1| ap_ctrl_hs | calcHaarPattern_x_y | return value |
|ap_rst            |  in |    1| ap_ctrl_hs | calcHaarPattern_x_y | return value |
|ap_start          |  in |    1| ap_ctrl_hs | calcHaarPattern_x_y | return value |
|ap_done           | out |    1| ap_ctrl_hs | calcHaarPattern_x_y | return value |
|ap_idle           | out |    1| ap_ctrl_hs | calcHaarPattern_x_y | return value |
|ap_ready          | out |    1| ap_ctrl_hs | calcHaarPattern_x_y | return value |
|ap_return         | out |   32| ap_ctrl_hs | calcHaarPattern_x_y | return value |
|sumBuf_address0   | out |   15|  ap_memory |        sumBuf       |     array    |
|sumBuf_ce0        | out |    1|  ap_memory |        sumBuf       |     array    |
|sumBuf_q0         |  in |   32|  ap_memory |        sumBuf       |     array    |
|sumBuf_address1   | out |   15|  ap_memory |        sumBuf       |     array    |
|sumBuf_ce1        | out |    1|  ap_memory |        sumBuf       |     array    |
|sumBuf_q1         |  in |   32|  ap_memory |        sumBuf       |     array    |
|box_0_V_address0  | out |    4|  ap_memory |       box_0_V       |     array    |
|box_0_V_ce0       | out |    1|  ap_memory |       box_0_V       |     array    |
|box_0_V_q0        |  in |   32|  ap_memory |       box_0_V       |     array    |
|box_1_V_address0  | out |    4|  ap_memory |       box_1_V       |     array    |
|box_1_V_ce0       | out |    1|  ap_memory |       box_1_V       |     array    |
|box_1_V_q0        |  in |   32|  ap_memory |       box_1_V       |     array    |
|box_2_V_address0  | out |    4|  ap_memory |       box_2_V       |     array    |
|box_2_V_ce0       | out |    1|  ap_memory |       box_2_V       |     array    |
|box_2_V_q0        |  in |   32|  ap_memory |       box_2_V       |     array    |
|box_3_V_address0  | out |    4|  ap_memory |       box_3_V       |     array    |
|box_3_V_ce0       | out |    1|  ap_memory |       box_3_V       |     array    |
|box_3_V_q0        |  in |   32|  ap_memory |       box_3_V       |     array    |
|box_4_V_address0  | out |    4|  ap_memory |       box_4_V       |     array    |
|box_4_V_ce0       | out |    1|  ap_memory |       box_4_V       |     array    |
|box_4_V_q0        |  in |   32|  ap_memory |       box_4_V       |     array    |
|box_V_offset      |  in |    2|   ap_none  |     box_V_offset    |    scalar    |
|sumBufIndex_V     |  in |  176|   ap_none  |    sumBufIndex_V    |    scalar    |
|rOffset           |  in |    6|   ap_none  |       rOffset       |    scalar    |
|cOffset           |  in |   11|   ap_none  |       cOffset       |    scalar    |
+------------------+-----+-----+------------+---------------------+--------------+

