

================================================================
== Vivado HLS Report for 'calcLayerDetAndTrace'
================================================================
* Date:           Thu Aug 27 17:06:06 2020

* Version:        2018.3 (Build 2405991 on Thu Dec 06 23:56:15 MST 2018)
* Project:        HLS_SURF_Simplified
* Solution:       solution1
* Product family: zynq
* Target device:  xc7z020clg400-2


================================================================
== Performance Estimates
================================================================
+ Timing (ns): 
    * Summary: 
    +--------+-------+----------+------------+
    |  Clock | Target| Estimated| Uncertainty|
    +--------+-------+----------+------------+
    |ap_clk  |  10.00|     8.221|        1.25|
    +--------+-------+----------+------------+

+ Latency (clock cycles): 
    * Summary: 
    +---------+-----------+---------+-----------+---------+
    |       Latency       |       Interval      | Pipeline|
    |   min   |    max    |   min   |    max    |   Type  |
    +---------+-----------+---------+-----------+---------+
    |  5296614|  145384305|  5296614|  145384305|   none  |
    +---------+-----------+---------+-----------+---------+

    + Detail: 
        * Instance: 
        +--------------------------------+---------------------+-----+-----+-----+-----+---------+
        |                                |                     |  Latency  |  Interval | Pipeline|
        |            Instance            |        Module       | min | max | min | max |   Type  |
        +--------------------------------+---------------------+-----+-----+-----+-----+---------+
        |grp_calcHaarPattern_x_y_fu_466  |calcHaarPattern_x_y  |   28|   28|   28|   28|   none  |
        +--------------------------------+---------------------+-----+-----+-----+-----+---------+

        * Loop: 
        +---------------------------------+---------+-----------+---------------+-----------+-----------+------+----------+
        |                                 |       Latency       |   Iteration   |  Initiation Interval  | Trip |          |
        |            Loop Name            |   min   |    max    |    Latency    |  achieved |   target  | Count| Pipelined|
        +---------------------------------+---------+-----------+---------------+-----------+-----------+------+----------+
        |- calcLayerDetAndTrace_row       |  5296613|  145384304| 8813 ~ 241904 |          -|          -|   601|    no    |
        | + calcLayerDetAndTrace_col      |     8811|     241902|    11 ~ 302   |          -|          -|   801|    no    |
        |  ++ calcLayerDetAndTrace_layer  |        9|        300|    3 ~ 100    |          -|          -|     3|    no    |
        |   +++ calcHaarPattern_kn        |       36|         36|              9|          -|          -|     4|    no    |
        +---------------------------------+---------+-----------+---------------+-----------+-----------+------+----------+



================================================================
== Utilization Estimates
================================================================
* Summary: 
+-----------------+---------+-------+--------+-------+
|       Name      | BRAM_18K| DSP48E|   FF   |  LUT  |
+-----------------+---------+-------+--------+-------+
|DSP              |        -|      3|       -|      -|
|Expression       |        -|      4|       0|   7262|
|FIFO             |        -|      -|       -|      -|
|Instance         |        -|      3|     483|   4041|
|Memory           |       64|      -|     711|     65|
|Multiplexer      |        -|      -|       -|    123|
|Register         |        -|      -|    1074|      -|
+-----------------+---------+-------+--------+-------+
|Total            |       64|     10|    2268|  11491|
+-----------------+---------+-------+--------+-------+
|Available        |      280|    220|  106400|  53200|
+-----------------+---------+-------+--------+-------+
|Utilization (%)  |       22|      4|       2|     21|
+-----------------+---------+-------+--------+-------+

+ Detail: 
    * Instance: 
    +--------------------------------+---------------------+---------+-------+-----+------+
    |            Instance            |        Module       | BRAM_18K| DSP48E|  FF |  LUT |
    +--------------------------------+---------------------+---------+-------+-----+------+
    |grp_calcHaarPattern_x_y_fu_466  |calcHaarPattern_x_y  |        0|      3|  483|  4041|
    +--------------------------------+---------------------+---------+-------+-----+------+
    |Total                           |                     |        0|      3|  483|  4041|
    +--------------------------------+---------------------+---------+-------+-----+------+

    * DSP48: 
    +--------------------------+----------------------+-----------+
    |         Instance         |        Module        | Expression|
    +--------------------------+----------------------+-----------+
    |surf_Simplified_mbkb_U36  |surf_Simplified_mbkb  |  i0 * i1  |
    |surf_Simplified_mbkb_U37  |surf_Simplified_mbkb  |  i0 * i1  |
    |surf_Simplified_mtde_U35  |surf_Simplified_mtde  |  i0 * i1  |
    +--------------------------+----------------------+-----------+

    * Memory: 
    +-----------+----------------------+---------+----+----+-------+-----+------+-------------+
    |   Memory  |        Module        | BRAM_18K| FF | LUT| Words | Bits| Banks| W*Bits*Banks|
    +-----------+----------------------+---------+----+----+-------+-----+------+-------------+
    |sumBuf_U   |calcLayerDetAndTrcud  |       64|   0|   0|  17622|   32|     1|       563904|
    |sizes_U    |calcLayerDetAndTrdEe  |        0|   5|   1|      3|    5|     1|           15|
    |Dx_V_0_U   |calcLayerDetAndTreOg  |        0|  64|   5|      9|   32|     1|          288|
    |Dy_V_1_U   |calcLayerDetAndTreOg  |        0|  64|   5|      9|   32|     1|          288|
    |Dx_V_1_U   |calcLayerDetAndTrfYi  |        0|  64|   5|      9|   32|     1|          288|
    |Dy_V_0_U   |calcLayerDetAndTrfYi  |        0|  64|   5|      9|   32|     1|          288|
    |Dx_V_2_U   |calcLayerDetAndTrg8j  |        0|  64|   5|      9|   32|     1|          288|
    |Dy_V_3_U   |calcLayerDetAndTrg8j  |        0|  64|   5|      9|   32|     1|          288|
    |Dx_V_3_U   |calcLayerDetAndTrhbi  |        0|  64|   5|      9|   32|     1|          288|
    |Dy_V_2_U   |calcLayerDetAndTrhbi  |        0|  64|   5|      9|   32|     1|          288|
    |Dx_V_4_U   |calcLayerDetAndTribs  |        0|  64|   5|      9|   32|     1|          288|
    |Dy_V_4_U   |calcLayerDetAndTribs  |        0|  64|   5|      9|   32|     1|          288|
    |Dxy_V_2_U  |calcLayerDetAndTrocq  |        0|  15|   3|     12|   15|     1|          180|
    |Dxy_V_3_U  |calcLayerDetAndTrpcA  |        0|  15|   3|     12|   15|     1|          180|
    |Dxy_V_0_U  |calcLayerDetAndTrqcK  |        0|  14|   3|     12|   14|     1|          168|
    |Dxy_V_1_U  |calcLayerDetAndTrrcU  |        0|  14|   3|     12|   14|     1|          168|
    |Dxy_V_4_U  |calcLayerDetAndTrsc4  |        0|   8|   2|     12|    8|     1|           96|
    +-----------+----------------------+---------+----+----+-------+-----+------+-------------+
    |Total      |                      |       64| 711|  65|  17775|  423|    17|       567591|
    +-----------+----------------------+---------+----+----+-------+-----+------+-------------+

    * FIFO: 
    N/A

    * Expression: 
    +----------------------------------+----------+-------+---+-----+------------+------------+
    |           Variable Name          | Operation| DSP48E| FF| LUT | Bitwidth P0| Bitwidth P1|
    +----------------------------------+----------+-------+---+-----+------------+------------+
    |r_V_6_fu_907_p2                   |     *    |      1|  0|   21|          32|          10|
    |r_V_8_fu_1355_p2                  |     *    |      1|  0|   21|          32|          32|
    |r_V_9_fu_1368_p2                  |     *    |      1|  0|   23|          32|          43|
    |r_V_i_i_i_i_fu_1339_p2            |     *    |      1|  0|   21|          32|           8|
    |Hi_assign_1_i_i_i_fu_954_p2       |     +    |      0|  0|   27|          27|           2|
    |Hi_assign_2_i_i_i_fu_1036_p2      |     +    |      0|  0|   27|          27|           2|
    |c_fu_766_p2                       |     +    |      0|  0|   10|          10|           1|
    |d_V_fu_1344_p2                    |     +    |      0|  0|   32|          32|          32|
    |k_fu_792_p2                       |     +    |      0|  0|    3|           2|           1|
    |kn_fu_879_p2                      |     +    |      0|  0|    4|           3|           1|
    |p_Val2_12_fu_1412_p2              |     +    |      0|  0|   32|          32|          32|
    |rIndex_fu_518_p2                  |     +    |      0|  0|   32|          32|           1|
    |r_fu_506_p2                       |     +    |      0|  0|   10|           1|          10|
    |tmp_14_i_i_i_i_fu_1019_p2         |     +    |      0|  0|   23|          23|          23|
    |tmp_17_i_i_i_i_fu_1046_p2         |     +    |      0|  0|   23|          23|          23|
    |tmp_1_i_i_i_i_fu_863_p2           |     +    |      0|  0|    7|           7|           1|
    |tmp_58_i_i_i_fu_776_p2            |     +    |      0|  0|   16|          16|          16|
    |tmp_5_i_i_i_i_fu_937_p2           |     +    |      0|  0|   23|          23|          23|
    |tmp_61_i_i_i_fu_889_p2            |     +    |      0|  0|    7|           5|           5|
    |tmp_62_fu_1263_p2                 |     +    |      0|  0|   16|          16|          16|
    |tmp_65_i_i_i_fu_1269_p2           |     +    |      0|  0|   16|          16|          16|
    |tmp_66_i_i_i_fu_1291_p2           |     +    |      0|  0|   16|          16|          16|
    |tmp_70_i_i_i_fu_1301_p2           |     +    |      0|  0|   16|          16|          16|
    |tmp_71_i_i_i_fu_1306_p2           |     +    |      0|  0|   16|          16|          16|
    |tmp_85_fu_1285_p2                 |     +    |      0|  0|   16|          16|          16|
    |tmp_8_i_i_i_i_fu_964_p2           |     +    |      0|  0|   23|          23|          23|
    |tmp_V_fu_1330_p2                  |     +    |      0|  0|   32|          32|          32|
    |cOffset_fu_815_p2                 |     -    |      0|  0|   11|          11|          11|
    |rOffset_fu_839_p2                 |     -    |      0|  0|    6|           6|           6|
    |ret_V_1_fu_1384_p2                |     -    |      0|  0|   74|          74|          74|
    |tmp_20_i_i_i_i_fu_1319_p2         |     -    |      0|  0|   32|          32|          32|
    |tmp_21_i_i_i_i_fu_1325_p2         |     -    |      0|  0|   32|          32|          32|
    |tmp_37_fu_621_p2                  |     -    |      0|  0|    8|           8|           8|
    |tmp_41_fu_651_p2                  |     -    |      0|  0|    8|           8|           8|
    |tmp_69_fu_1094_p2                 |     -    |      0|  0|    8|           8|           8|
    |tmp_70_fu_1099_p2                 |     -    |      0|  0|    8|           8|           8|
    |tmp_71_fu_1105_p2                 |     -    |      0|  0|    8|           8|           8|
    |tmp_75_fu_1131_p2                 |     -    |      0|  0|    8|           8|           8|
    |tmp_92_fu_1184_p2                 |     -    |      0|  0|    8|           8|           8|
    |tmp_93_fu_1189_p2                 |     -    |      0|  0|    8|           8|           8|
    |tmp_94_fu_1195_p2                 |     -    |      0|  0|    8|           8|           8|
    |tmp_98_fu_1221_p2                 |     -    |      0|  0|    8|           8|           8|
    |ap_block_state3                   |    and   |      0|  0|    1|           1|           1|
    |ap_predicate_op330_write_state19  |    and   |      0|  0|    1|           1|           1|
    |ap_predicate_op332_write_state19  |    and   |      0|  0|    1|           1|           1|
    |ap_predicate_op334_write_state19  |    and   |      0|  0|    1|           1|           1|
    |or_cond_i_i_i_i_i_i_s_fu_833_p2   |    and   |      0|  0|    1|           1|           1|
    |p_Result_1_fu_1247_p2             |    and   |      0|  0|  176|         176|         176|
    |p_Result_s_fu_1157_p2             |    and   |      0|  0|  176|         176|         176|
    |p_demorgan_fu_705_p2              |    and   |      0|  0|  176|         176|         176|
    |tmp_51_fu_717_p2                  |    and   |      0|  0|  176|         176|         176|
    |tmp_52_fu_723_p2                  |    and   |      0|  0|  176|         176|         176|
    |exitcond1_i_i_i_i_i_s_fu_500_p2   |   icmp   |      0|  0|    5|          10|          10|
    |exitcond2_i_i_i_i_i_s_fu_760_p2   |   icmp   |      0|  0|    5|          10|           9|
    |exitcond_i_i_i_i_fu_873_p2        |   icmp   |      0|  0|    2|           3|           4|
    |exitcond_i_i_i_i_i_i_fu_786_p2    |   icmp   |      0|  0|    1|           2|           2|
    |tmp_22_i_i_i_i_i_i_i_fu_821_p2    |   icmp   |      0|  0|    5|          10|          10|
    |tmp_25_i_i_i_i_i_i_i_fu_827_p2    |   icmp   |      0|  0|    5|          11|           1|
    |tmp_36_fu_615_p2                  |   icmp   |      0|  0|    4|           8|           8|
    |tmp_65_fu_985_p2                  |   icmp   |      0|  0|   12|          32|          32|
    |tmp_88_fu_1067_p2                 |   icmp   |      0|  0|   12|          32|          32|
    |tmp_i_i_i_i_i_i_i_38_fu_532_p2    |   icmp   |      0|  0|    5|          10|           5|
    |tmp_i_i_i_i_i_i_i_fu_512_p2       |   icmp   |      0|  0|   12|          32|           5|
    |tmp_101_fu_1235_p2                |   lshr   |      0|  0|  630|         176|         176|
    |tmp_102_fu_1241_p2                |   lshr   |      0|  0|  630|           2|         176|
    |tmp_49_fu_699_p2                  |   lshr   |      0|  0|  630|           2|         176|
    |tmp_78_fu_1145_p2                 |   lshr   |      0|  0|  630|         176|         176|
    |tmp_79_fu_1151_p2                 |   lshr   |      0|  0|  630|           2|         176|
    |Hi_assign_i_i_i_fu_605_p2         |    or    |      0|  0|    8|           3|           8|
    |ap_block_state1                   |    or    |      0|  0|    1|           1|           1|
    |ap_block_state19                  |    or    |      0|  0|    1|           1|           1|
    |p_Result_2_fu_729_p2              |    or    |      0|  0|  176|         176|         176|
    |tmp_55_i_i_i_fu_578_p2            |    or    |      0|  0|  168|         168|         168|
    |rIndex_1_fu_524_p3                |  select  |      0|  0|   32|           1|          32|
    |tmp_38_fu_627_p3                  |  select  |      0|  0|    8|           1|           8|
    |tmp_39_fu_635_p3                  |  select  |      0|  0|    8|           1|           8|
    |tmp_40_fu_643_p3                  |  select  |      0|  0|    8|           1|           8|
    |tmp_47_fu_685_p3                  |  select  |      0|  0|  176|           1|         176|
    |tmp_72_fu_1110_p3                 |  select  |      0|  0|    8|           1|           8|
    |tmp_73_fu_1117_p3                 |  select  |      0|  0|  176|           1|         176|
    |tmp_74_fu_1124_p3                 |  select  |      0|  0|    8|           1|           8|
    |tmp_95_fu_1200_p3                 |  select  |      0|  0|    8|           1|           8|
    |tmp_96_fu_1207_p3                 |  select  |      0|  0|  176|           1|         176|
    |tmp_97_fu_1214_p3                 |  select  |      0|  0|    8|           1|           8|
    |val_assign_i_i_i_i_s_fu_744_p3    |  select  |      0|  0|    5|           1|           5|
    |tmp_45_fu_669_p2                  |    shl   |      0|  0|  630|         176|         176|
    |tmp_48_fu_693_p2                  |    shl   |      0|  0|  630|           2|         176|
    |tmp_50_fu_711_p2                  |    xor   |      0|  0|  176|         176|           2|
    +----------------------------------+----------+-------+---+-----+------------+------------+
    |Total                             |          |      4|  0| 7262|        2895|        3864|
    +----------------------------------+----------+-------+---+-----+------------+------------+

    * Multiplexer: 
    +-------------------------------------------+----+-----------+-----+-----------+
    |                    Name                   | LUT| Input Size| Bits| Total Bits|
    +-------------------------------------------+----+-----------+-----+-----------+
    |Dx_V_0_ce0                                 |   3|          2|    1|          2|
    |Dx_V_1_ce0                                 |   3|          2|    1|          2|
    |Dx_V_2_ce0                                 |   3|          2|    1|          2|
    |Dx_V_3_ce0                                 |   3|          2|    1|          2|
    |Dx_V_4_ce0                                 |   3|          2|    1|          2|
    |Dy_V_0_ce0                                 |   3|          2|    1|          2|
    |Dy_V_1_ce0                                 |   3|          2|    1|          2|
    |Dy_V_2_ce0                                 |   3|          2|    1|          2|
    |Dy_V_3_ce0                                 |   3|          2|    1|          2|
    |Dy_V_4_ce0                                 |   3|          2|    1|          2|
    |ap_NS_fsm                                  |   8|         20|    1|         20|
    |ap_done                                    |   3|          2|    1|          2|
    |c_i_i_i_i_i_i_i_reg_420                    |   3|          2|   10|         20|
    |det0_V_V_blk_n                             |   3|          2|    1|          2|
    |det1_V_V3_blk_n                            |   3|          2|    1|          2|
    |det2_V_V6_blk_n                            |   3|          2|    1|          2|
    |grp_calcHaarPattern_x_y_fu_466_box_0_V_q0  |   3|          3|   32|         96|
    |grp_calcHaarPattern_x_y_fu_466_box_1_V_q0  |   3|          3|   32|         96|
    |grp_calcHaarPattern_x_y_fu_466_box_2_V_q0  |   3|          3|   32|         96|
    |grp_calcHaarPattern_x_y_fu_466_box_3_V_q0  |   3|          3|   32|         96|
    |grp_calcHaarPattern_x_y_fu_466_box_4_V_q0  |   3|          3|   32|         96|
    |k_i_i_i_i_i_i_i_reg_431                    |   3|          2|    2|          4|
    |keyPoints_V_offset_blk_n                   |   3|          2|    1|          2|
    |keyPoints_V_offset_out_blk_n               |   3|          2|    1|          2|
    |kn_i_i_i_i_reg_455                         |   3|          2|    3|          6|
    |p_Val2_11_reg_443                          |   3|          2|   32|         64|
    |p_Val2_s_fu_196                            |   3|          2|  176|        352|
    |pointNumber_offset_blk_n                   |   3|          2|    1|          2|
    |pointNumber_offset_out_blk_n               |   3|          2|    1|          2|
    |rIndex_i_i_i_i_i_i_i_reg_397               |   3|          2|   32|         64|
    |real_start                                 |   3|          2|    1|          2|
    |sumBuf_address0                            |   4|          5|   15|         75|
    |sumBuf_address1                            |   3|          4|   15|         60|
    |sumBuf_ce0                                 |   3|          3|    1|          3|
    |sumBuf_ce1                                 |   3|          3|    1|          3|
    |sum_V_blk_n                                |   3|          2|    1|          2|
    |this_assign_1_reload_blk_n                 |   3|          2|    1|          2|
    |this_assign_1_reload_out_blk_n             |   3|          2|    1|          2|
    |val_assign_i_i_i_reg_408                   |   3|          2|   10|         20|
    +-------------------------------------------+----+-----------+-----+-----------+
    |Total                                      | 123|        108|  480|       1215|
    +-------------------------------------------+----+-----------+-----+-----------+

    * Register: 
    +---------------------------------------------+-----+----+-----+-----------+
    |                     Name                    |  FF | LUT| Bits| Const Bits|
    +---------------------------------------------+-----+----+-----+-----------+
    |Dxy_V_4_load_reg_1632                        |    8|   0|    8|          0|
    |MSB_V                                        |  176|   0|  176|          0|
    |ap_CS_fsm                                    |   19|   0|   19|          0|
    |ap_done_reg                                  |    1|   0|    1|          0|
    |cOffset_reg_1498                             |   11|   0|   11|          0|
    |c_cast_i_i_i_i_i_i_i_reg_1472                |   10|   0|   11|          1|
    |c_i_i_i_i_i_i_i_reg_420                      |   10|   0|   10|          0|
    |c_reg_1480                                   |   10|   0|   10|          0|
    |grp_calcHaarPattern_x_y_fu_466_ap_start_reg  |    1|   0|    1|          0|
    |k_i_i_i_i_i_i_i_reg_431                      |    2|   0|    2|          0|
    |k_reg_1488                                   |    2|   0|    2|          0|
    |kn_i_i_i_i_reg_455                           |    3|   0|    3|          0|
    |kn_reg_1551                                  |    3|   0|    3|          0|
    |or_cond_i_i_i_i_i_i_s_reg_1505               |    1|   0|    1|          0|
    |p_Val2_11_reg_443                            |   32|   0|   32|          0|
    |p_Val2_s_fu_196                              |  176|   0|  176|          0|
    |rIndex_1_reg_1454                            |   32|   0|   32|          0|
    |rIndex_i_i_i_i_i_i_i_reg_397                 |   32|   0|   32|          0|
    |rOffset_reg_1514                             |    6|   0|    6|          0|
    |r_V_6_reg_1581                               |   42|   0|   43|          1|
    |r_V_8_reg_1703                               |   64|   0|   64|          0|
    |r_V_9_reg_1708                               |   72|   0|   73|          1|
    |r_V_i_i_i_i_reg_1693                         |   32|   0|   32|          0|
    |r_reg_1449                                   |   10|   0|   10|          0|
    |start_once_reg                               |    1|   0|    1|          0|
    |tmp_104_reg_1642                             |   16|   0|   16|          0|
    |tmp_1_i_cast_i_i_i_reg_1542                  |   23|   0|   23|          0|
    |tmp_20_i_i_i_i_reg_1683                      |   32|   0|   32|          0|
    |tmp_26_i_i_i_i2_i_i_s_reg_1521               |   32|   0|   32|          0|
    |tmp_27_i_i_i_i1_i_i_s_reg_1526               |   32|   0|   32|          0|
    |tmp_57_i_i_i_reg_1462                        |   16|   0|   16|          0|
    |tmp_59_reg_1586                              |    5|   0|    5|          0|
    |tmp_60_cast_i_i_i_reg_1531                   |    2|   0|    5|          3|
    |tmp_64_i_i_i_reg_1647                        |   16|   0|   16|          0|
    |tmp_64_reg_1591                              |    5|   0|    5|          0|
    |tmp_65_reg_1596                              |    1|   0|    1|          0|
    |tmp_67_reg_1603                              |    5|   0|    8|          3|
    |tmp_70_i_i_i_reg_1663                        |   16|   0|   16|          0|
    |tmp_71_i_i_i_reg_1668                        |   16|   0|   16|          0|
    |tmp_81_reg_1637                              |   16|   0|   16|          0|
    |tmp_82_reg_1609                              |    4|   0|    4|          0|
    |tmp_87_reg_1614                              |    5|   0|    5|          0|
    |tmp_88_reg_1619                              |    1|   0|    1|          0|
    |tmp_90_reg_1626                              |    5|   0|    8|          3|
    |tmp_V_reg_1688                               |   32|   0|   32|          0|
    |tmp_i_cast1_i_i_i_reg_1536                   |   23|   0|   23|          0|
    |val_assign_cast_i_i_reg_1467                 |    5|   0|    6|          1|
    |val_assign_i_i_i_reg_408                     |   10|   0|   10|          0|
    +---------------------------------------------+-----+----+-----+-----------+
    |Total                                        | 1074|   0| 1087|         13|
    +---------------------------------------------+-----+----+-----+-----------+



================================================================
== Interface
================================================================
* Summary: 
+---------------------------------+-----+-----+------------+--------------------------+--------------+
|            RTL Ports            | Dir | Bits|  Protocol  |       Source Object      |    C Type    |
+---------------------------------+-----+-----+------------+--------------------------+--------------+
|ap_clk                           |  in |    1| ap_ctrl_hs |   calcLayerDetAndTrace   | return value |
|ap_rst                           |  in |    1| ap_ctrl_hs |   calcLayerDetAndTrace   | return value |
|ap_start                         |  in |    1| ap_ctrl_hs |   calcLayerDetAndTrace   | return value |
|start_full_n                     |  in |    1| ap_ctrl_hs |   calcLayerDetAndTrace   | return value |
|ap_done                          | out |    1| ap_ctrl_hs |   calcLayerDetAndTrace   | return value |
|ap_continue                      |  in |    1| ap_ctrl_hs |   calcLayerDetAndTrace   | return value |
|ap_idle                          | out |    1| ap_ctrl_hs |   calcLayerDetAndTrace   | return value |
|ap_ready                         | out |    1| ap_ctrl_hs |   calcLayerDetAndTrace   | return value |
|start_out                        | out |    1| ap_ctrl_hs |   calcLayerDetAndTrace   | return value |
|start_write                      | out |    1| ap_ctrl_hs |   calcLayerDetAndTrace   | return value |
|det0_V_V_din                     | out |   32|   ap_fifo  |         det0_V_V         |    pointer   |
|det0_V_V_full_n                  |  in |    1|   ap_fifo  |         det0_V_V         |    pointer   |
|det0_V_V_write                   | out |    1|   ap_fifo  |         det0_V_V         |    pointer   |
|det1_V_V3_din                    | out |   32|   ap_fifo  |         det1_V_V3        |    pointer   |
|det1_V_V3_full_n                 |  in |    1|   ap_fifo  |         det1_V_V3        |    pointer   |
|det1_V_V3_write                  | out |    1|   ap_fifo  |         det1_V_V3        |    pointer   |
|det2_V_V6_din                    | out |   32|   ap_fifo  |         det2_V_V6        |    pointer   |
|det2_V_V6_full_n                 |  in |    1|   ap_fifo  |         det2_V_V6        |    pointer   |
|det2_V_V6_write                  | out |    1|   ap_fifo  |         det2_V_V6        |    pointer   |
|this_assign_1_reload_dout        |  in |   32|   ap_fifo  |   this_assign_1_reload   |    pointer   |
|this_assign_1_reload_empty_n     |  in |    1|   ap_fifo  |   this_assign_1_reload   |    pointer   |
|this_assign_1_reload_read        | out |    1|   ap_fifo  |   this_assign_1_reload   |    pointer   |
|this_assign_1_reload_out_din     | out |   32|   ap_fifo  | this_assign_1_reload_out |    pointer   |
|this_assign_1_reload_out_full_n  |  in |    1|   ap_fifo  | this_assign_1_reload_out |    pointer   |
|this_assign_1_reload_out_write   | out |    1|   ap_fifo  | this_assign_1_reload_out |    pointer   |
|keyPoints_V_offset_dout          |  in |   32|   ap_fifo  |    keyPoints_V_offset    |    pointer   |
|keyPoints_V_offset_empty_n       |  in |    1|   ap_fifo  |    keyPoints_V_offset    |    pointer   |
|keyPoints_V_offset_read          | out |    1|   ap_fifo  |    keyPoints_V_offset    |    pointer   |
|pointNumber_offset_dout          |  in |   32|   ap_fifo  |    pointNumber_offset    |    pointer   |
|pointNumber_offset_empty_n       |  in |    1|   ap_fifo  |    pointNumber_offset    |    pointer   |
|pointNumber_offset_read          | out |    1|   ap_fifo  |    pointNumber_offset    |    pointer   |
|keyPoints_V_offset_out_din       | out |   32|   ap_fifo  |  keyPoints_V_offset_out  |    pointer   |
|keyPoints_V_offset_out_full_n    |  in |    1|   ap_fifo  |  keyPoints_V_offset_out  |    pointer   |
|keyPoints_V_offset_out_write     | out |    1|   ap_fifo  |  keyPoints_V_offset_out  |    pointer   |
|pointNumber_offset_out_din       | out |   32|   ap_fifo  |  pointNumber_offset_out  |    pointer   |
|pointNumber_offset_out_full_n    |  in |    1|   ap_fifo  |  pointNumber_offset_out  |    pointer   |
|pointNumber_offset_out_write     | out |    1|   ap_fifo  |  pointNumber_offset_out  |    pointer   |
|sum_V_dout                       |  in |   32|   ap_fifo  |           sum_V          |    pointer   |
|sum_V_empty_n                    |  in |    1|   ap_fifo  |           sum_V          |    pointer   |
|sum_V_read                       | out |    1|   ap_fifo  |           sum_V          |    pointer   |
+---------------------------------+-----+-----+------------+--------------------------+--------------+

