

================================================================
== Vivado HLS Report for 'HessianDetector'
================================================================
* Date:           Thu Aug 27 17:06:02 2020

* Version:        2018.3 (Build 2405991 on Thu Dec 06 23:56:15 MST 2018)
* Project:        HLS_SURF_Simplified
* Solution:       solution1
* Product family: zynq
* Target device:  xc7z020clg400-2


================================================================
== Performance Estimates
================================================================
+ Timing (ns): 
    * Summary: 
    +--------+-------+----------+------------+
    |  Clock | Target| Estimated| Uncertainty|
    +--------+-------+----------+------------+
    |ap_clk  |  10.00|     8.750|        1.25|
    +--------+-------+----------+------------+

+ Latency (clock cycles): 
    * Summary: 
    +---------+-----------+---------+-----------+----------+
    |       Latency       |       Interval      | Pipeline |
    |   min   |    max    |   min   |    max    |   Type   |
    +---------+-----------+---------+-----------+----------+
    |  5296614|  145384305|  5296615|  145384306| dataflow |
    +---------+-----------+---------+-----------+----------+

    + Detail: 
        * Instance: 
        +---------------------------------+----------------------+---------+-----------+---------+-----------+---------+
        |                                 |                      |       Latency       |       Interval      | Pipeline|
        |             Instance            |        Module        |   min   |    max    |   min   |    max    |   Type  |
        +---------------------------------+----------------------+---------+-----------+---------+-----------+---------+
        |grp_calcLayerDetAndTrace_fu_138  |calcLayerDetAndTrace  |  5296614|  145384305|  5296614|  145384305|   none  |
        |grp_findCharacteristicPo_fu_192  |findCharacteristicPo  |  1871704|   19168501|  1871704|   19168501|   none  |
        +---------------------------------+----------------------+---------+-----------+---------+-----------+---------+

        * Loop: 
        N/A

============================================================
+ Verbose Summary: Synthesis Manager
============================================================
InlineROM: 1
ExposeGlobal: 0
============================================================
+ Verbose Summary: CDFG Model
============================================================
IsTopModel: 0
ResetActiveHigh: 1
IsCombinational: 2
IsDatapathOnly: 0
HasWiredReturn: 1
HasMFsm: 0
HasVarLatency: 1
IsPipeline: 0
IsRtlPipelined: 0
IsInstanceOverlapped: 0
IsDontTouch: 0
HasImplIP: 0
IsGatedGlobalClock: 0


============================================================
+ Verbose Summary: Schedule
============================================================
* Number of FSM states : 4
* Pipeline : 0
* Dataflow Pipeline: 1
  DF-Pipeline-0: Size = 4, States = { 1 2 3 4 }

* FSM state transitions: 
1 --> 
	2  / true
2 --> 
	3  / true
3 --> 
	4  / true
4 --> 

* FSM state operations: 

State 1 <SV = 0> <Delay = 0.00>
ST_1 : Operation 5 [1/1] (0.00ns)   --->   "%pointNumber_offset_c = alloca i32, align 4" [mSURF.cpp:541->top.cpp:34]   --->   Operation 5 'alloca' 'pointNumber_offset_c' <Predicate = true> <Delay = 0.00> <Core = "FIFO">   --->   Core 32 'FIFO' <Latency = 0> <II = 1> <Delay = 3.40> <Storage> <Opcode : 'read' 'write' 'nbread' 'nbwrite'> <Ports = 0> <Width = 32> <Depth = 3> <FIFO>
ST_1 : Operation 6 [1/1] (0.00ns)   --->   "%keyPoints_V_offset_c = alloca i32, align 4" [mSURF.cpp:541->top.cpp:34]   --->   Operation 6 'alloca' 'keyPoints_V_offset_c' <Predicate = true> <Delay = 0.00> <Core = "FIFO">   --->   Core 32 'FIFO' <Latency = 0> <II = 1> <Delay = 3.40> <Storage> <Opcode : 'read' 'write' 'nbread' 'nbwrite'> <Ports = 0> <Width = 32> <Depth = 3> <FIFO>
ST_1 : Operation 7 [1/1] (0.00ns)   --->   "%this_assign_1_reload = alloca i32, align 4"   --->   Operation 7 'alloca' 'this_assign_1_reload' <Predicate = true> <Delay = 0.00> <Core = "FIFO">   --->   Core 32 'FIFO' <Latency = 0> <II = 1> <Delay = 3.40> <Storage> <Opcode : 'read' 'write' 'nbread' 'nbwrite'> <Ports = 0> <Width = 32> <Depth = 3> <FIFO>
ST_1 : Operation 8 [1/1] (0.00ns)   --->   "%dets_0_V_V = alloca i32, align 4" [mSURF.cpp:532->top.cpp:34]   --->   Operation 8 'alloca' 'dets_0_V_V' <Predicate = true> <Delay = 0.00> <Core = "FIFO">   --->   Core 32 'FIFO' <Latency = 0> <II = 1> <Delay = 3.40> <Storage> <Opcode : 'read' 'write' 'nbread' 'nbwrite'> <Ports = 0> <Width = 32> <Depth = 3> <FIFO>
ST_1 : Operation 9 [1/1] (0.00ns)   --->   "%dets_1_V_V = alloca i32, align 4" [mSURF.cpp:532->top.cpp:34]   --->   Operation 9 'alloca' 'dets_1_V_V' <Predicate = true> <Delay = 0.00> <Core = "FIFO">   --->   Core 32 'FIFO' <Latency = 0> <II = 1> <Delay = 3.40> <Storage> <Opcode : 'read' 'write' 'nbread' 'nbwrite'> <Ports = 0> <Width = 32> <Depth = 3> <FIFO>
ST_1 : Operation 10 [1/1] (0.00ns)   --->   "%dets_2_V_V = alloca i32, align 4" [mSURF.cpp:532->top.cpp:34]   --->   Operation 10 'alloca' 'dets_2_V_V' <Predicate = true> <Delay = 0.00> <Core = "FIFO">   --->   Core 32 'FIFO' <Latency = 0> <II = 1> <Delay = 3.40> <Storage> <Opcode : 'read' 'write' 'nbread' 'nbwrite'> <Ports = 0> <Width = 32> <Depth = 3> <FIFO>
ST_1 : Operation 11 [2/2] (0.00ns)   --->   "call fastcc void @calcLayerDetAndTrace(i32* %dets_0_V_V, i32* %dets_1_V_V, i32* %dets_2_V_V, i32* nocapture %this_assign_1_loc, i32* %this_assign_1_reload, i32* nocapture %keyPoints_V_offset, i32* nocapture %pointNumber_offset, i32* %keyPoints_V_offset_c, i32* %pointNumber_offset_c)" [mSURF.cpp:541->top.cpp:34]   --->   Operation 11 'call' <Predicate = true> <Delay = 0.00> <CoreType = "Generic">   --->   Core 0 '' <Latency = 0> <II = 1> <Delay = 1.00> <Generic> <Opcode : >

State 2 <SV = 1> <Delay = 0.00>
ST_2 : Operation 12 [1/2] (0.00ns)   --->   "call fastcc void @calcLayerDetAndTrace(i32* %dets_0_V_V, i32* %dets_1_V_V, i32* %dets_2_V_V, i32* nocapture %this_assign_1_loc, i32* %this_assign_1_reload, i32* nocapture %keyPoints_V_offset, i32* nocapture %pointNumber_offset, i32* %keyPoints_V_offset_c, i32* %pointNumber_offset_c)" [mSURF.cpp:541->top.cpp:34]   --->   Operation 12 'call' <Predicate = true> <Delay = 0.00> <CoreType = "Generic">   --->   Core 0 '' <Latency = 0> <II = 1> <Delay = 1.00> <Generic> <Opcode : >

State 3 <SV = 2> <Delay = 0.00>
ST_3 : Operation 13 [2/2] (0.00ns)   --->   "call fastcc void @findCharacteristicPo(i32* %dets_0_V_V, i32* %dets_1_V_V, i32* %dets_2_V_V, i32* nocapture %this_assign_1_reload, i32* %keyPoints_V, i32* nocapture %keyPoints_V_offset_c, i32* %pointNumber, i32* nocapture %pointNumber_offset_c)" [mSURF.cpp:541->top.cpp:34]   --->   Operation 13 'call' <Predicate = true> <Delay = 0.00> <CoreType = "Generic">   --->   Core 0 '' <Latency = 0> <II = 1> <Delay = 1.00> <Generic> <Opcode : >

State 4 <SV = 3> <Delay = 0.00>
ST_4 : Operation 14 [1/1] (0.00ns)   --->   "call void (...)* @_ssdm_op_SpecInterface(i32* %keyPoints_V, [6 x i8]* @p_str419, i32 0, i32 0, [1 x i8]* @p_str116, i32 0, i32 600, [10 x i8]* @p_str520, [6 x i8]* @p_str621, [1 x i8]* @p_str116, i32 16, i32 16, i32 16, i32 16, [1 x i8]* @p_str116, [1 x i8]* @p_str116)"   --->   Operation 14 'specinterface' <Predicate = true> <Delay = 0.00>
ST_4 : Operation 15 [1/1] (0.00ns)   --->   "call void (...)* @_ssdm_op_SpecInterface(i32* %keyPoints_V, [6 x i8]* @p_str419, i32 0, i32 0, [1 x i8]* @p_str116, i32 0, i32 600, [10 x i8]* @p_str520, [6 x i8]* @p_str621, [1 x i8]* @p_str116, i32 16, i32 16, i32 16, i32 16, [1 x i8]* @p_str116, [1 x i8]* @p_str116)"   --->   Operation 15 'specinterface' <Predicate = true> <Delay = 0.00>
ST_4 : Operation 16 [1/1] (0.00ns)   --->   "call void (...)* @_ssdm_op_SpecInterface(i32* %pointNumber, [6 x i8]* @p_str419, i32 0, i32 0, [1 x i8]* @p_str116, i32 0, i32 1, [12 x i8]* @p_str722, [6 x i8]* @p_str621, [1 x i8]* @p_str116, i32 16, i32 16, i32 16, i32 16, [1 x i8]* @p_str116, [1 x i8]* @p_str116)"   --->   Operation 16 'specinterface' <Predicate = true> <Delay = 0.00>
ST_4 : Operation 17 [1/1] (0.00ns)   --->   "call void (...)* @_ssdm_op_SpecInterface(i32* %pointNumber, [6 x i8]* @p_str419, i32 0, i32 0, [1 x i8]* @p_str116, i32 0, i32 1, [12 x i8]* @p_str722, [6 x i8]* @p_str621, [1 x i8]* @p_str116, i32 16, i32 16, i32 16, i32 16, [1 x i8]* @p_str116, [1 x i8]* @p_str116)"   --->   Operation 17 'specinterface' <Predicate = true> <Delay = 0.00>
ST_4 : Operation 18 [1/1] (0.00ns)   --->   "call void (...)* @_ssdm_op_SpecInterface(i32* %this_assign_1_loc, [8 x i8]* @ap_fifo_str, i32 0, i32 0, [1 x i8]* @p_str, i32 0, i32 0, [1 x i8]* @p_str, [1 x i8]* @p_str, [1 x i8]* @p_str, i32 2, i32 2, i32 16, i32 16, [1 x i8]* @p_str, [11 x i8]* @ScalarProp_str)"   --->   Operation 18 'specinterface' <Predicate = true> <Delay = 0.00>
ST_4 : Operation 19 [1/1] (0.00ns)   --->   "call void (...)* @_ssdm_op_SpecInterface(i32* %pointNumber_offset, [8 x i8]* @ap_fifo_str, i32 0, i32 0, [1 x i8]* @p_str, i32 0, i32 0, [1 x i8]* @p_str, [1 x i8]* @p_str, [1 x i8]* @p_str, i32 2, i32 2, i32 16, i32 16, [1 x i8]* @p_str, [11 x i8]* @ScalarProp_str)"   --->   Operation 19 'specinterface' <Predicate = true> <Delay = 0.00>
ST_4 : Operation 20 [1/1] (0.00ns)   --->   "call void (...)* @_ssdm_op_SpecInterface(i32* %keyPoints_V_offset, [8 x i8]* @ap_fifo_str, i32 0, i32 0, [1 x i8]* @p_str, i32 0, i32 0, [1 x i8]* @p_str, [1 x i8]* @p_str, [1 x i8]* @p_str, i32 2, i32 2, i32 16, i32 16, [1 x i8]* @p_str, [11 x i8]* @ScalarProp_str)"   --->   Operation 20 'specinterface' <Predicate = true> <Delay = 0.00>
ST_4 : Operation 21 [1/1] (0.00ns)   --->   "call void (...)* @_ssdm_op_SpecInterface(i32* %keyPoints_V, [6 x i8]* @p_str419, i32 0, i32 0, [1 x i8]* @p_str116, i32 0, i32 600, [10 x i8]* @p_str520, [6 x i8]* @p_str621, [1 x i8]* @p_str116, i32 16, i32 16, i32 16, i32 16, [1 x i8]* @p_str116, [1 x i8]* @p_str116)"   --->   Operation 21 'specinterface' <Predicate = true> <Delay = 0.00>
ST_4 : Operation 22 [1/1] (0.00ns)   --->   "call void (...)* @_ssdm_op_SpecInterface(i32* %pointNumber, [6 x i8]* @p_str419, i32 0, i32 0, [1 x i8]* @p_str116, i32 0, i32 1, [12 x i8]* @p_str722, [6 x i8]* @p_str621, [1 x i8]* @p_str116, i32 16, i32 16, i32 16, i32 16, [1 x i8]* @p_str116, [1 x i8]* @p_str116)"   --->   Operation 22 'specinterface' <Predicate = true> <Delay = 0.00>
ST_4 : Operation 23 [1/1] (0.00ns)   --->   "call void (...)* @_ssdm_op_SpecInterface(i32* @sum_V, [8 x i8]* @ap_fifo_str, i32 0, i32 0, [1 x i8]* @p_str, i32 0, i32 0, [1 x i8]* @p_str, [1 x i8]* @p_str, [1 x i8]* @p_str, i32 2, i32 2, i32 16, i32 16, [1 x i8]* @p_str, [1 x i8]* @p_str)"   --->   Operation 23 'specinterface' <Predicate = true> <Delay = 0.00>
ST_4 : Operation 24 [1/1] (0.00ns)   --->   "call void (...)* @_ssdm_op_SpecInterface(i32* %this_assign_1_loc, [8 x i8]* @ap_fifo_str, i32 0, i32 0, [1 x i8]* @p_str, i32 0, i32 0, [1 x i8]* @p_str, [1 x i8]* @p_str, [1 x i8]* @p_str, i32 2, i32 2, i32 16, i32 16, [1 x i8]* @p_str, [11 x i8]* @ScalarProp_str)"   --->   Operation 24 'specinterface' <Predicate = true> <Delay = 0.00>
ST_4 : Operation 25 [1/1] (0.00ns)   --->   "call void (...)* @_ssdm_op_SpecInterface(i32* @sum_V, [8 x i8]* @ap_fifo_str, i32 0, i32 0, [1 x i8]* @p_str, i32 0, i32 0, [1 x i8]* @p_str, [1 x i8]* @p_str, [1 x i8]* @p_str, i32 2, i32 2, i32 16, i32 16, [1 x i8]* @p_str, [1 x i8]* @p_str)"   --->   Operation 25 'specinterface' <Predicate = true> <Delay = 0.00>
ST_4 : Operation 26 [1/1] (0.00ns)   --->   "call void (...)* @_ssdm_op_SpecDataflowPipeline(i32 -1, i32 0, [1 x i8]* @p_str1) nounwind" [mSURF.cpp:531->top.cpp:34]   --->   Operation 26 'specdataflowpipeline' <Predicate = true> <Delay = 0.00>
ST_4 : Operation 27 [1/1] (0.00ns)   --->   "call void (...)* @_ssdm_op_SpecInterface(i32* %pointNumber, [6 x i8]* @p_str419, i32 0, i32 0, [1 x i8]* @p_str116, i32 0, i32 1, [12 x i8]* @p_str722, [6 x i8]* @p_str621, [1 x i8]* @p_str116, i32 16, i32 16, i32 16, i32 16, [1 x i8]* @p_str116, [1 x i8]* @p_str116)"   --->   Operation 27 'specinterface' <Predicate = true> <Delay = 0.00>
ST_4 : Operation 28 [1/1] (0.00ns)   --->   "call void (...)* @_ssdm_op_SpecInterface(i32* %keyPoints_V, [6 x i8]* @p_str419, i32 0, i32 0, [1 x i8]* @p_str116, i32 0, i32 600, [10 x i8]* @p_str520, [6 x i8]* @p_str621, [1 x i8]* @p_str116, i32 16, i32 16, i32 16, i32 16, [1 x i8]* @p_str116, [1 x i8]* @p_str116)"   --->   Operation 28 'specinterface' <Predicate = true> <Delay = 0.00>
ST_4 : Operation 29 [1/1] (0.00ns)   --->   "%empty = call i32 (...)* @_ssdm_op_SpecChannel([12 x i8]* @dets_LF_0_NF_OC_V_O, i32 1, [1 x i8]* @p_str, [1 x i8]* @p_str, i32 2, i32 2, i32* %dets_0_V_V, i32* %dets_0_V_V)"   --->   Operation 29 'specchannel' 'empty' <Predicate = true> <Delay = 0.00>
ST_4 : Operation 30 [1/1] (0.00ns)   --->   "call void (...)* @_ssdm_op_SpecInterface(i32* %dets_0_V_V, [8 x i8]* @ap_fifo_str, i32 0, i32 0, [1 x i8]* @p_str, i32 0, i32 0, [1 x i8]* @p_str, [1 x i8]* @p_str, [1 x i8]* @p_str, i32 2, i32 2, i32 16, i32 16, [1 x i8]* @p_str, [1 x i8]* @p_str)"   --->   Operation 30 'specinterface' <Predicate = true> <Delay = 0.00>
ST_4 : Operation 31 [1/1] (0.00ns)   --->   "%empty_94 = call i32 (...)* @_ssdm_op_SpecChannel([12 x i8]* @dets_LF_1_NF_OC_V_O, i32 1, [1 x i8]* @p_str, [1 x i8]* @p_str, i32 2, i32 2, i32* %dets_1_V_V, i32* %dets_1_V_V)"   --->   Operation 31 'specchannel' 'empty_94' <Predicate = true> <Delay = 0.00>
ST_4 : Operation 32 [1/1] (0.00ns)   --->   "call void (...)* @_ssdm_op_SpecInterface(i32* %dets_1_V_V, [8 x i8]* @ap_fifo_str, i32 0, i32 0, [1 x i8]* @p_str, i32 0, i32 0, [1 x i8]* @p_str, [1 x i8]* @p_str, [1 x i8]* @p_str, i32 2, i32 2, i32 16, i32 16, [1 x i8]* @p_str, [1 x i8]* @p_str)"   --->   Operation 32 'specinterface' <Predicate = true> <Delay = 0.00>
ST_4 : Operation 33 [1/1] (0.00ns)   --->   "%empty_95 = call i32 (...)* @_ssdm_op_SpecChannel([12 x i8]* @dets_LF_2_NF_OC_V_O, i32 1, [1 x i8]* @p_str, [1 x i8]* @p_str, i32 2, i32 2, i32* %dets_2_V_V, i32* %dets_2_V_V)"   --->   Operation 33 'specchannel' 'empty_95' <Predicate = true> <Delay = 0.00>
ST_4 : Operation 34 [1/1] (0.00ns)   --->   "call void (...)* @_ssdm_op_SpecInterface(i32* %dets_2_V_V, [8 x i8]* @ap_fifo_str, i32 0, i32 0, [1 x i8]* @p_str, i32 0, i32 0, [1 x i8]* @p_str, [1 x i8]* @p_str, [1 x i8]* @p_str, i32 2, i32 2, i32 16, i32 16, [1 x i8]* @p_str, [1 x i8]* @p_str)"   --->   Operation 34 'specinterface' <Predicate = true> <Delay = 0.00>
ST_4 : Operation 35 [1/1] (0.00ns)   --->   "%empty_96 = call i32 (...)* @_ssdm_op_SpecChannel([23 x i8]* @this_OC_assign_OC_1_s, i32 1, [1 x i8]* @p_str, [1 x i8]* @p_str, i32 2, i32 0, i32* %this_assign_1_reload, i32* %this_assign_1_reload)"   --->   Operation 35 'specchannel' 'empty_96' <Predicate = true> <Delay = 0.00>
ST_4 : Operation 36 [1/1] (0.00ns)   --->   "call void (...)* @_ssdm_op_SpecInterface(i32* %this_assign_1_reload, [8 x i8]* @ap_fifo_str, i32 0, i32 0, [1 x i8]* @p_str, i32 0, i32 0, [1 x i8]* @p_str, [1 x i8]* @p_str, [1 x i8]* @p_str, i32 2, i32 2, i32 16, i32 16, [1 x i8]* @p_str, [1 x i8]* @p_str)"   --->   Operation 36 'specinterface' <Predicate = true> <Delay = 0.00>
ST_4 : Operation 37 [1/1] (0.00ns)   --->   "%empty_97 = call i32 (...)* @_ssdm_op_SpecChannel([21 x i8]* @keyPoints_OC_V_OC_of, i32 1, [1 x i8]* @p_str, [1 x i8]* @p_str, i32 2, i32 0, i32* %keyPoints_V_offset_c, i32* %keyPoints_V_offset_c)" [mSURF.cpp:541->top.cpp:34]   --->   Operation 37 'specchannel' 'empty_97' <Predicate = true> <Delay = 0.00>
ST_4 : Operation 38 [1/1] (0.00ns)   --->   "call void (...)* @_ssdm_op_SpecInterface(i32* %keyPoints_V_offset_c, [8 x i8]* @ap_fifo_str, i32 0, i32 0, [1 x i8]* @p_str, i32 0, i32 0, [1 x i8]* @p_str, [1 x i8]* @p_str, [1 x i8]* @p_str, i32 2, i32 2, i32 16, i32 16, [1 x i8]* @p_str, [1 x i8]* @p_str)" [mSURF.cpp:541->top.cpp:34]   --->   Operation 38 'specinterface' <Predicate = true> <Delay = 0.00>
ST_4 : Operation 39 [1/1] (0.00ns)   --->   "%empty_98 = call i32 (...)* @_ssdm_op_SpecChannel([21 x i8]* @pointNumber_OC_offse, i32 1, [1 x i8]* @p_str, [1 x i8]* @p_str, i32 2, i32 0, i32* %pointNumber_offset_c, i32* %pointNumber_offset_c)" [mSURF.cpp:541->top.cpp:34]   --->   Operation 39 'specchannel' 'empty_98' <Predicate = true> <Delay = 0.00>
ST_4 : Operation 40 [1/1] (0.00ns)   --->   "call void (...)* @_ssdm_op_SpecInterface(i32* %pointNumber_offset_c, [8 x i8]* @ap_fifo_str, i32 0, i32 0, [1 x i8]* @p_str, i32 0, i32 0, [1 x i8]* @p_str, [1 x i8]* @p_str, [1 x i8]* @p_str, i32 2, i32 2, i32 16, i32 16, [1 x i8]* @p_str, [1 x i8]* @p_str)" [mSURF.cpp:541->top.cpp:34]   --->   Operation 40 'specinterface' <Predicate = true> <Delay = 0.00>
ST_4 : Operation 41 [1/2] (0.00ns)   --->   "call fastcc void @findCharacteristicPo(i32* %dets_0_V_V, i32* %dets_1_V_V, i32* %dets_2_V_V, i32* nocapture %this_assign_1_reload, i32* %keyPoints_V, i32* nocapture %keyPoints_V_offset_c, i32* %pointNumber, i32* nocapture %pointNumber_offset_c)" [mSURF.cpp:541->top.cpp:34]   --->   Operation 41 'call' <Predicate = true> <Delay = 0.00> <CoreType = "Generic">   --->   Core 0 '' <Latency = 0> <II = 1> <Delay = 1.00> <Generic> <Opcode : >
ST_4 : Operation 42 [1/1] (0.00ns)   --->   "ret void"   --->   Operation 42 'ret' <Predicate = true> <Delay = 0.00>


============================================================
+ Verbose Summary: Binding
============================================================
STG Binding: 
---------------- STG Properties BEGIN ----------------
- Is combinational: 0
- Is one-state seq: 0
- Is datapath-only: 0
- Is pipelined: 0
- Is top level: 0
Port [ Return ] is wired: 1; IO mode=ap_ctrl_hs:ce=0
Port [ keyPoints_V]:  wired=1; compound=1; hidden=0; nouse=0; global=0; static=0; extern=0; dir=1; type=4; pingpong=0; private_global=0; IO mode=m_axi:ce=0
Port [ keyPoints_V_offset]:  wired=1; compound=1; hidden=0; nouse=0; global=0; static=0; extern=0; dir=0; type=3; pingpong=0; private_global=0; IO mode=ap_fifo:ce=0
Port [ pointNumber]:  wired=1; compound=1; hidden=0; nouse=0; global=0; static=0; extern=0; dir=1; type=4; pingpong=0; private_global=0; IO mode=m_axi:ce=0
Port [ pointNumber_offset]:  wired=1; compound=1; hidden=0; nouse=0; global=0; static=0; extern=0; dir=0; type=3; pingpong=0; private_global=0; IO mode=ap_fifo:ce=0
Port [ this_assign_1_loc]:  wired=1; compound=1; hidden=0; nouse=0; global=0; static=0; extern=0; dir=0; type=3; pingpong=0; private_global=0; IO mode=ap_fifo:ce=0
Port [ MSB_V]:  wired=0; compound=0; hidden=1; nouse=1; global=1; static=1; extern=0; dir=2; type=0; pingpong=0; private_global=0; linkage=7; visibility=0; IO mode=ap_ovld:ce=0
Port [ sum_V]:  wired=1; compound=1; hidden=0; nouse=0; global=1; static=1; extern=0; dir=0; type=3; pingpong=0; private_global=0; linkage=7; visibility=0; IO mode=ap_fifo:ce=0
Port [ sumBuf]:  wired=0; compound=1; hidden=1; nouse=1; global=1; static=1; extern=0; dir=2; type=1; pingpong=0; private_global=0; linkage=7; visibility=0; MemPort=[21]; IO mode=ap_memory:ce=0
Port [ sizes]:  wired=0; compound=1; hidden=1; nouse=1; global=1; static=1; extern=0; dir=0; type=1; pingpong=0; private_global=0; linkage=7; visibility=0; MemPort=[1]; IO mode=ap_memory:ce=0
Port [ Dx_V_0]:  wired=0; compound=1; hidden=1; nouse=1; global=1; static=1; extern=0; dir=0; type=1; pingpong=0; private_global=0; linkage=7; visibility=0; MemPort=[13]; IO mode=ap_memory:ce=0
Port [ Dx_V_1]:  wired=0; compound=1; hidden=1; nouse=1; global=1; static=1; extern=0; dir=0; type=1; pingpong=0; private_global=0; linkage=7; visibility=0; MemPort=[13]; IO mode=ap_memory:ce=0
Port [ Dx_V_2]:  wired=0; compound=1; hidden=1; nouse=1; global=1; static=1; extern=0; dir=0; type=1; pingpong=0; private_global=0; linkage=7; visibility=0; MemPort=[13]; IO mode=ap_memory:ce=0
Port [ Dx_V_3]:  wired=0; compound=1; hidden=1; nouse=1; global=1; static=1; extern=0; dir=0; type=1; pingpong=0; private_global=0; linkage=7; visibility=0; MemPort=[13]; IO mode=ap_memory:ce=0
Port [ Dx_V_4]:  wired=0; compound=1; hidden=1; nouse=1; global=1; static=1; extern=0; dir=0; type=1; pingpong=0; private_global=0; linkage=7; visibility=0; MemPort=[13]; IO mode=ap_memory:ce=0
Port [ Dy_V_0]:  wired=0; compound=1; hidden=1; nouse=1; global=1; static=1; extern=0; dir=0; type=1; pingpong=0; private_global=0; linkage=7; visibility=0; MemPort=[13]; IO mode=ap_memory:ce=0
Port [ Dy_V_1]:  wired=0; compound=1; hidden=1; nouse=1; global=1; static=1; extern=0; dir=0; type=1; pingpong=0; private_global=0; linkage=7; visibility=0; MemPort=[13]; IO mode=ap_memory:ce=0
Port [ Dy_V_2]:  wired=0; compound=1; hidden=1; nouse=1; global=1; static=1; extern=0; dir=0; type=1; pingpong=0; private_global=0; linkage=7; visibility=0; MemPort=[13]; IO mode=ap_memory:ce=0
Port [ Dy_V_3]:  wired=0; compound=1; hidden=1; nouse=1; global=1; static=1; extern=0; dir=0; type=1; pingpong=0; private_global=0; linkage=7; visibility=0; MemPort=[13]; IO mode=ap_memory:ce=0
Port [ Dy_V_4]:  wired=0; compound=1; hidden=1; nouse=1; global=1; static=1; extern=0; dir=0; type=1; pingpong=0; private_global=0; linkage=7; visibility=0; MemPort=[13]; IO mode=ap_memory:ce=0
Port [ Dxy_V_2]:  wired=0; compound=1; hidden=1; nouse=1; global=1; static=1; extern=0; dir=0; type=1; pingpong=0; private_global=0; linkage=7; visibility=0; MemPort=[1]; IO mode=ap_memory:ce=0
Port [ Dxy_V_3]:  wired=0; compound=1; hidden=1; nouse=1; global=1; static=1; extern=0; dir=0; type=1; pingpong=0; private_global=0; linkage=7; visibility=0; MemPort=[1]; IO mode=ap_memory:ce=0
Port [ Dxy_V_0]:  wired=0; compound=1; hidden=1; nouse=1; global=1; static=1; extern=0; dir=0; type=1; pingpong=0; private_global=0; linkage=7; visibility=0; MemPort=[1]; IO mode=ap_memory:ce=0
Port [ Dxy_V_1]:  wired=0; compound=1; hidden=1; nouse=1; global=1; static=1; extern=0; dir=0; type=1; pingpong=0; private_global=0; linkage=7; visibility=0; MemPort=[1]; IO mode=ap_memory:ce=0
Port [ Dxy_V_4]:  wired=0; compound=1; hidden=1; nouse=1; global=1; static=1; extern=0; dir=0; type=1; pingpong=0; private_global=0; linkage=7; visibility=0; MemPort=[1]; IO mode=ap_memory:ce=0
Port [ bRow_V_0]:  wired=0; compound=0; hidden=1; nouse=1; global=1; static=1; extern=0; dir=2; type=0; pingpong=0; private_global=0; linkage=7; visibility=0; IO mode=ap_ovld:ce=0
Port [ bRow_V_1]:  wired=0; compound=0; hidden=1; nouse=1; global=1; static=1; extern=0; dir=2; type=0; pingpong=0; private_global=0; linkage=7; visibility=0; IO mode=ap_ovld:ce=0
Port [ bRow_V_2]:  wired=0; compound=0; hidden=1; nouse=1; global=1; static=1; extern=0; dir=2; type=0; pingpong=0; private_global=0; linkage=7; visibility=0; IO mode=ap_ovld:ce=0
Port [ MSB_V_1]:  wired=0; compound=0; hidden=1; nouse=1; global=1; static=1; extern=0; dir=2; type=0; pingpong=0; private_global=0; linkage=7; visibility=0; IO mode=ap_ovld:ce=0
Port [ N1_V]:  wired=0; compound=1; hidden=1; nouse=1; global=1; static=1; extern=0; dir=2; type=1; pingpong=0; private_global=0; linkage=7; visibility=0; MemPort=[23]; IO mode=ap_memory:ce=0
Port [ tmpPointNum]:  wired=0; compound=0; hidden=1; nouse=1; global=1; static=1; extern=0; dir=2; type=0; pingpong=0; private_global=0; linkage=7; visibility=0; IO mode=ap_ovld:ce=0
---------------- STG Properties END ------------------

---------------- Datapath Model BEGIN ----------------

<LifeTime>
<method=bitvector/>
pointNumber_offset_c (alloca              ) [ 01111]
keyPoints_V_offset_c (alloca              ) [ 01111]
this_assign_1_reload (alloca              ) [ 01111]
dets_0_V_V           (alloca              ) [ 01111]
dets_1_V_V           (alloca              ) [ 01111]
dets_2_V_V           (alloca              ) [ 01111]
StgValue_12          (call                ) [ 00000]
StgValue_14          (specinterface       ) [ 00000]
StgValue_15          (specinterface       ) [ 00000]
StgValue_16          (specinterface       ) [ 00000]
StgValue_17          (specinterface       ) [ 00000]
StgValue_18          (specinterface       ) [ 00000]
StgValue_19          (specinterface       ) [ 00000]
StgValue_20          (specinterface       ) [ 00000]
StgValue_21          (specinterface       ) [ 00000]
StgValue_22          (specinterface       ) [ 00000]
StgValue_23          (specinterface       ) [ 00000]
StgValue_24          (specinterface       ) [ 00000]
StgValue_25          (specinterface       ) [ 00000]
StgValue_26          (specdataflowpipeline) [ 00000]
StgValue_27          (specinterface       ) [ 00000]
StgValue_28          (specinterface       ) [ 00000]
empty                (specchannel         ) [ 00000]
StgValue_30          (specinterface       ) [ 00000]
empty_94             (specchannel         ) [ 00000]
StgValue_32          (specinterface       ) [ 00000]
empty_95             (specchannel         ) [ 00000]
StgValue_34          (specinterface       ) [ 00000]
empty_96             (specchannel         ) [ 00000]
StgValue_36          (specinterface       ) [ 00000]
empty_97             (specchannel         ) [ 00000]
StgValue_38          (specinterface       ) [ 00000]
empty_98             (specchannel         ) [ 00000]
StgValue_40          (specinterface       ) [ 00000]
StgValue_41          (call                ) [ 00000]
StgValue_42          (ret                 ) [ 00000]
</LifeTime>

<model>

<comp_list>
<comp id="0" class="1000" name="keyPoints_V">
<pin_list>
<pin id="1" dir="1" index="0" bw="1" slack="0"/>
</pin_list>
<bind>
<StgValue><ssdm name="keyPoints_V"/></StgValue>
</bind>
</comp>

<comp id="2" class="1000" name="keyPoints_V_offset">
<pin_list>
<pin id="3" dir="1" index="0" bw="1" slack="0"/>
</pin_list>
<bind>
<StgValue><ssdm name="keyPoints_V_offset"/></StgValue>
</bind>
</comp>

<comp id="4" class="1000" name="pointNumber">
<pin_list>
<pin id="5" dir="1" index="0" bw="1" slack="0"/>
</pin_list>
<bind>
<StgValue><ssdm name="pointNumber"/></StgValue>
</bind>
</comp>

<comp id="6" class="1000" name="pointNumber_offset">
<pin_list>
<pin id="7" dir="1" index="0" bw="1" slack="0"/>
</pin_list>
<bind>
<StgValue><ssdm name="pointNumber_offset"/></StgValue>
</bind>
</comp>

<comp id="8" class="1000" name="this_assign_1_loc">
<pin_list>
<pin id="9" dir="1" index="0" bw="1" slack="0"/>
</pin_list>
<bind>
<StgValue><ssdm name="this_assign_1_loc"/></StgValue>
</bind>
</comp>

<comp id="10" class="1000" name="MSB_V">
<pin_list>
<pin id="11" dir="1" index="0" bw="1" slack="0"/>
</pin_list>
<bind>
<StgValue><ssdm name="MSB_V"/></StgValue>
</bind>
</comp>

<comp id="12" class="1000" name="sum_V">
<pin_list>
<pin id="13" dir="1" index="0" bw="1" slack="0"/>
</pin_list>
<bind>
<StgValue><ssdm name="sum_V"/></StgValue>
</bind>
</comp>

<comp id="14" class="1000" name="sumBuf">
<pin_list>
<pin id="15" dir="1" index="0" bw="1" slack="0"/>
</pin_list>
<bind>
<StgValue><ssdm name="sumBuf"/><MemPortTyVec>2 1 </MemPortTyVec>
</StgValue>
</bind>
</comp>

<comp id="16" class="1000" name="sizes">
<pin_list>
<pin id="17" dir="1" index="0" bw="1" slack="0"/>
</pin_list>
<bind>
<StgValue><ssdm name="sizes"/><MemPortTyVec>1 </MemPortTyVec>
</StgValue>
</bind>
</comp>

<comp id="18" class="1000" name="Dx_V_0">
<pin_list>
<pin id="19" dir="1" index="0" bw="1" slack="0"/>
</pin_list>
<bind>
<StgValue><ssdm name="Dx_V_0"/><MemPortTyVec>1 3 </MemPortTyVec>
</StgValue>
</bind>
</comp>

<comp id="20" class="1000" name="Dx_V_1">
<pin_list>
<pin id="21" dir="1" index="0" bw="1" slack="0"/>
</pin_list>
<bind>
<StgValue><ssdm name="Dx_V_1"/><MemPortTyVec>1 3 </MemPortTyVec>
</StgValue>
</bind>
</comp>

<comp id="22" class="1000" name="Dx_V_2">
<pin_list>
<pin id="23" dir="1" index="0" bw="1" slack="0"/>
</pin_list>
<bind>
<StgValue><ssdm name="Dx_V_2"/><MemPortTyVec>1 3 </MemPortTyVec>
</StgValue>
</bind>
</comp>

<comp id="24" class="1000" name="Dx_V_3">
<pin_list>
<pin id="25" dir="1" index="0" bw="1" slack="0"/>
</pin_list>
<bind>
<StgValue><ssdm name="Dx_V_3"/><MemPortTyVec>1 3 </MemPortTyVec>
</StgValue>
</bind>
</comp>

<comp id="26" class="1000" name="Dx_V_4">
<pin_list>
<pin id="27" dir="1" index="0" bw="1" slack="0"/>
</pin_list>
<bind>
<StgValue><ssdm name="Dx_V_4"/><MemPortTyVec>1 3 </MemPortTyVec>
</StgValue>
</bind>
</comp>

<comp id="28" class="1000" name="Dy_V_0">
<pin_list>
<pin id="29" dir="1" index="0" bw="1" slack="0"/>
</pin_list>
<bind>
<StgValue><ssdm name="Dy_V_0"/><MemPortTyVec>1 3 </MemPortTyVec>
</StgValue>
</bind>
</comp>

<comp id="30" class="1000" name="Dy_V_1">
<pin_list>
<pin id="31" dir="1" index="0" bw="1" slack="0"/>
</pin_list>
<bind>
<StgValue><ssdm name="Dy_V_1"/><MemPortTyVec>1 3 </MemPortTyVec>
</StgValue>
</bind>
</comp>

<comp id="32" class="1000" name="Dy_V_2">
<pin_list>
<pin id="33" dir="1" index="0" bw="1" slack="0"/>
</pin_list>
<bind>
<StgValue><ssdm name="Dy_V_2"/><MemPortTyVec>1 3 </MemPortTyVec>
</StgValue>
</bind>
</comp>

<comp id="34" class="1000" name="Dy_V_3">
<pin_list>
<pin id="35" dir="1" index="0" bw="1" slack="0"/>
</pin_list>
<bind>
<StgValue><ssdm name="Dy_V_3"/><MemPortTyVec>1 3 </MemPortTyVec>
</StgValue>
</bind>
</comp>

<comp id="36" class="1000" name="Dy_V_4">
<pin_list>
<pin id="37" dir="1" index="0" bw="1" slack="0"/>
</pin_list>
<bind>
<StgValue><ssdm name="Dy_V_4"/><MemPortTyVec>1 3 </MemPortTyVec>
</StgValue>
</bind>
</comp>

<comp id="38" class="1000" name="Dxy_V_2">
<pin_list>
<pin id="39" dir="1" index="0" bw="1" slack="0"/>
</pin_list>
<bind>
<StgValue><ssdm name="Dxy_V_2"/><MemPortTyVec>1 </MemPortTyVec>
</StgValue>
</bind>
</comp>

<comp id="40" class="1000" name="Dxy_V_3">
<pin_list>
<pin id="41" dir="1" index="0" bw="1" slack="0"/>
</pin_list>
<bind>
<StgValue><ssdm name="Dxy_V_3"/><MemPortTyVec>1 </MemPortTyVec>
</StgValue>
</bind>
</comp>

<comp id="42" class="1000" name="Dxy_V_0">
<pin_list>
<pin id="43" dir="1" index="0" bw="1" slack="0"/>
</pin_list>
<bind>
<StgValue><ssdm name="Dxy_V_0"/><MemPortTyVec>1 </MemPortTyVec>
</StgValue>
</bind>
</comp>

<comp id="44" class="1000" name="Dxy_V_1">
<pin_list>
<pin id="45" dir="1" index="0" bw="1" slack="0"/>
</pin_list>
<bind>
<StgValue><ssdm name="Dxy_V_1"/><MemPortTyVec>1 </MemPortTyVec>
</StgValue>
</bind>
</comp>

<comp id="46" class="1000" name="Dxy_V_4">
<pin_list>
<pin id="47" dir="1" index="0" bw="1" slack="0"/>
</pin_list>
<bind>
<StgValue><ssdm name="Dxy_V_4"/><MemPortTyVec>1 </MemPortTyVec>
</StgValue>
</bind>
</comp>

<comp id="48" class="1000" name="bRow_V_0">
<pin_list>
<pin id="49" dir="1" index="0" bw="1" slack="0"/>
</pin_list>
<bind>
<StgValue><ssdm name="bRow_V_0"/></StgValue>
</bind>
</comp>

<comp id="50" class="1000" name="bRow_V_1">
<pin_list>
<pin id="51" dir="1" index="0" bw="1" slack="0"/>
</pin_list>
<bind>
<StgValue><ssdm name="bRow_V_1"/></StgValue>
</bind>
</comp>

<comp id="52" class="1000" name="bRow_V_2">
<pin_list>
<pin id="53" dir="1" index="0" bw="1" slack="0"/>
</pin_list>
<bind>
<StgValue><ssdm name="bRow_V_2"/></StgValue>
</bind>
</comp>

<comp id="54" class="1000" name="MSB_V_1">
<pin_list>
<pin id="55" dir="1" index="0" bw="1" slack="0"/>
</pin_list>
<bind>
<StgValue><ssdm name="MSB_V_1"/></StgValue>
</bind>
</comp>

<comp id="56" class="1000" name="N1_V">
<pin_list>
<pin id="57" dir="1" index="0" bw="1" slack="0"/>
</pin_list>
<bind>
<StgValue><ssdm name="N1_V"/><MemPortTyVec>2 3 </MemPortTyVec>
</StgValue>
</bind>
</comp>

<comp id="58" class="1000" name="tmpPointNum">
<pin_list>
<pin id="59" dir="1" index="0" bw="1" slack="0"/>
</pin_list>
<bind>
<StgValue><ssdm name="tmpPointNum"/></StgValue>
</bind>
</comp>

<comp id="60" class="1001" name="const_60">
<pin_list>
<pin id="61" dir="1" index="0" bw="1" slack="0"/>
</pin_list>
<bind>
<StgValue><ssdm name=""/></StgValue>
</bind>
</comp>

<comp id="62" class="1001" name="const_62">
<pin_list>
<pin id="63" dir="1" index="0" bw="1" slack="0"/>
</pin_list>
<bind>
<StgValue><ssdm name="calcLayerDetAndTrace"/></StgValue>
</bind>
</comp>

<comp id="64" class="1001" name="const_64">
<pin_list>
<pin id="65" dir="1" index="0" bw="1" slack="0"/>
</pin_list>
<bind>
<StgValue><ssdm name="findCharacteristicPo"/></StgValue>
</bind>
</comp>

<comp id="66" class="1001" name="const_66">
<pin_list>
<pin id="67" dir="1" index="0" bw="1" slack="2147483647"/>
</pin_list>
<bind>
<StgValue><ssdm name="_ssdm_op_SpecInterface"/></StgValue>
</bind>
</comp>

<comp id="68" class="1001" name="const_68">
<pin_list>
<pin id="69" dir="1" index="0" bw="1" slack="2147483647"/>
</pin_list>
<bind>
<StgValue><ssdm name="p_str419"/></StgValue>
</bind>
</comp>

<comp id="70" class="1001" name="const_70">
<pin_list>
<pin id="71" dir="1" index="0" bw="1" slack="2147483647"/>
</pin_list>
<bind>
<StgValue><ssdm name=""/></StgValue>
</bind>
</comp>

<comp id="72" class="1001" name="const_72">
<pin_list>
<pin id="73" dir="1" index="0" bw="1" slack="2147483647"/>
</pin_list>
<bind>
<StgValue><ssdm name="p_str116"/></StgValue>
</bind>
</comp>

<comp id="74" class="1001" name="const_74">
<pin_list>
<pin id="75" dir="1" index="0" bw="1" slack="2147483647"/>
</pin_list>
<bind>
<StgValue><ssdm name=""/></StgValue>
</bind>
</comp>

<comp id="76" class="1001" name="const_76">
<pin_list>
<pin id="77" dir="1" index="0" bw="1" slack="2147483647"/>
</pin_list>
<bind>
<StgValue><ssdm name="p_str520"/></StgValue>
</bind>
</comp>

<comp id="78" class="1001" name="const_78">
<pin_list>
<pin id="79" dir="1" index="0" bw="1" slack="2147483647"/>
</pin_list>
<bind>
<StgValue><ssdm name="p_str621"/></StgValue>
</bind>
</comp>

<comp id="80" class="1001" name="const_80">
<pin_list>
<pin id="81" dir="1" index="0" bw="1" slack="2147483647"/>
</pin_list>
<bind>
<StgValue><ssdm name=""/></StgValue>
</bind>
</comp>

<comp id="82" class="1001" name="const_82">
<pin_list>
<pin id="83" dir="1" index="0" bw="1" slack="2147483647"/>
</pin_list>
<bind>
<StgValue><ssdm name=""/></StgValue>
</bind>
</comp>

<comp id="84" class="1001" name="const_84">
<pin_list>
<pin id="85" dir="1" index="0" bw="1" slack="2147483647"/>
</pin_list>
<bind>
<StgValue><ssdm name="p_str722"/></StgValue>
</bind>
</comp>

<comp id="86" class="1001" name="const_86">
<pin_list>
<pin id="87" dir="1" index="0" bw="1" slack="2147483647"/>
</pin_list>
<bind>
<StgValue><ssdm name="ap_fifo_str"/></StgValue>
</bind>
</comp>

<comp id="88" class="1001" name="const_88">
<pin_list>
<pin id="89" dir="1" index="0" bw="1" slack="2147483647"/>
</pin_list>
<bind>
<StgValue><ssdm name="p_str"/></StgValue>
</bind>
</comp>

<comp id="90" class="1001" name="const_90">
<pin_list>
<pin id="91" dir="1" index="0" bw="1" slack="2147483647"/>
</pin_list>
<bind>
<StgValue><ssdm name=""/></StgValue>
</bind>
</comp>

<comp id="92" class="1001" name="const_92">
<pin_list>
<pin id="93" dir="1" index="0" bw="1" slack="2147483647"/>
</pin_list>
<bind>
<StgValue><ssdm name="ScalarProp_str"/></StgValue>
</bind>
</comp>

<comp id="94" class="1001" name="const_94">
<pin_list>
<pin id="95" dir="1" index="0" bw="1" slack="2147483647"/>
</pin_list>
<bind>
<StgValue><ssdm name="_ssdm_op_SpecDataflowPipeline"/></StgValue>
</bind>
</comp>

<comp id="96" class="1001" name="const_96">
<pin_list>
<pin id="97" dir="1" index="0" bw="1" slack="2147483647"/>
</pin_list>
<bind>
<StgValue><ssdm name=""/></StgValue>
</bind>
</comp>

<comp id="98" class="1001" name="const_98">
<pin_list>
<pin id="99" dir="1" index="0" bw="1" slack="2147483647"/>
</pin_list>
<bind>
<StgValue><ssdm name="p_str1"/></StgValue>
</bind>
</comp>

<comp id="100" class="1001" name="const_100">
<pin_list>
<pin id="101" dir="1" index="0" bw="1" slack="2147483647"/>
</pin_list>
<bind>
<StgValue><ssdm name="_ssdm_op_SpecChannel"/></StgValue>
</bind>
</comp>

<comp id="102" class="1001" name="const_102">
<pin_list>
<pin id="103" dir="1" index="0" bw="1" slack="2147483647"/>
</pin_list>
<bind>
<StgValue><ssdm name="dets_LF_0_NF_OC_V_O"/></StgValue>
</bind>
</comp>

<comp id="104" class="1001" name="const_104">
<pin_list>
<pin id="105" dir="1" index="0" bw="1" slack="2147483647"/>
</pin_list>
<bind>
<StgValue><ssdm name="dets_LF_1_NF_OC_V_O"/></StgValue>
</bind>
</comp>

<comp id="106" class="1001" name="const_106">
<pin_list>
<pin id="107" dir="1" index="0" bw="1" slack="2147483647"/>
</pin_list>
<bind>
<StgValue><ssdm name="dets_LF_2_NF_OC_V_O"/></StgValue>
</bind>
</comp>

<comp id="108" class="1001" name="const_108">
<pin_list>
<pin id="109" dir="1" index="0" bw="1" slack="2147483647"/>
</pin_list>
<bind>
<StgValue><ssdm name="this_OC_assign_OC_1_s"/></StgValue>
</bind>
</comp>

<comp id="110" class="1001" name="const_110">
<pin_list>
<pin id="111" dir="1" index="0" bw="1" slack="2147483647"/>
</pin_list>
<bind>
<StgValue><ssdm name="keyPoints_OC_V_OC_of"/></StgValue>
</bind>
</comp>

<comp id="112" class="1001" name="const_112">
<pin_list>
<pin id="113" dir="1" index="0" bw="1" slack="2147483647"/>
</pin_list>
<bind>
<StgValue><ssdm name="pointNumber_OC_offse"/></StgValue>
</bind>
</comp>

<comp id="114" class="1004" name="pointNumber_offset_c_fu_114">
<pin_list>
<pin id="115" dir="0" index="0" bw="1" slack="0"/>
<pin id="116" dir="1" index="1" bw="32" slack="0"/>
</pin_list>
<bind>
<opcode="alloca(26) " fcode="alloca"/>
<opset="pointNumber_offset_c/1 "/>
</bind>
</comp>

<comp id="118" class="1004" name="keyPoints_V_offset_c_fu_118">
<pin_list>
<pin id="119" dir="0" index="0" bw="1" slack="0"/>
<pin id="120" dir="1" index="1" bw="32" slack="0"/>
</pin_list>
<bind>
<opcode="alloca(26) " fcode="alloca"/>
<opset="keyPoints_V_offset_c/1 "/>
</bind>
</comp>

<comp id="122" class="1004" name="this_assign_1_reload_fu_122">
<pin_list>
<pin id="123" dir="0" index="0" bw="1" slack="0"/>
<pin id="124" dir="1" index="1" bw="32" slack="0"/>
</pin_list>
<bind>
<opcode="alloca(26) " fcode="alloca"/>
<opset="this_assign_1_reload/1 "/>
</bind>
</comp>

<comp id="126" class="1004" name="dets_0_V_V_fu_126">
<pin_list>
<pin id="127" dir="0" index="0" bw="1" slack="0"/>
<pin id="128" dir="1" index="1" bw="32" slack="0"/>
</pin_list>
<bind>
<opcode="alloca(26) " fcode="alloca"/>
<opset="dets_0_V_V/1 "/>
</bind>
</comp>

<comp id="130" class="1004" name="dets_1_V_V_fu_130">
<pin_list>
<pin id="131" dir="0" index="0" bw="1" slack="0"/>
<pin id="132" dir="1" index="1" bw="32" slack="0"/>
</pin_list>
<bind>
<opcode="alloca(26) " fcode="alloca"/>
<opset="dets_1_V_V/1 "/>
</bind>
</comp>

<comp id="134" class="1004" name="dets_2_V_V_fu_134">
<pin_list>
<pin id="135" dir="0" index="0" bw="1" slack="0"/>
<pin id="136" dir="1" index="1" bw="32" slack="0"/>
</pin_list>
<bind>
<opcode="alloca(26) " fcode="alloca"/>
<opset="dets_2_V_V/1 "/>
</bind>
</comp>

<comp id="138" class="1004" name="grp_calcLayerDetAndTrace_fu_138">
<pin_list>
<pin id="139" dir="0" index="0" bw="0" slack="0"/>
<pin id="140" dir="0" index="1" bw="32" slack="0"/>
<pin id="141" dir="0" index="2" bw="32" slack="0"/>
<pin id="142" dir="0" index="3" bw="32" slack="0"/>
<pin id="143" dir="0" index="4" bw="32" slack="0"/>
<pin id="144" dir="0" index="5" bw="32" slack="0"/>
<pin id="145" dir="0" index="6" bw="32" slack="0"/>
<pin id="146" dir="0" index="7" bw="32" slack="0"/>
<pin id="147" dir="0" index="8" bw="32" slack="0"/>
<pin id="148" dir="0" index="9" bw="32" slack="0"/>
<pin id="149" dir="0" index="10" bw="176" slack="0"/>
<pin id="150" dir="0" index="11" bw="32" slack="0"/>
<pin id="151" dir="0" index="12" bw="32" slack="0"/>
<pin id="152" dir="0" index="13" bw="5" slack="0"/>
<pin id="153" dir="0" index="14" bw="32" slack="0"/>
<pin id="154" dir="0" index="15" bw="32" slack="0"/>
<pin id="155" dir="0" index="16" bw="32" slack="0"/>
<pin id="156" dir="0" index="17" bw="32" slack="0"/>
<pin id="157" dir="0" index="18" bw="32" slack="0"/>
<pin id="158" dir="0" index="19" bw="32" slack="0"/>
<pin id="159" dir="0" index="20" bw="32" slack="0"/>
<pin id="160" dir="0" index="21" bw="32" slack="0"/>
<pin id="161" dir="0" index="22" bw="32" slack="0"/>
<pin id="162" dir="0" index="23" bw="32" slack="0"/>
<pin id="163" dir="0" index="24" bw="15" slack="0"/>
<pin id="164" dir="0" index="25" bw="15" slack="0"/>
<pin id="165" dir="0" index="26" bw="14" slack="0"/>
<pin id="166" dir="0" index="27" bw="14" slack="0"/>
<pin id="167" dir="0" index="28" bw="8" slack="0"/>
<pin id="168" dir="1" index="29" bw="0" slack="2147483647"/>
</pin_list>
<bind>
<opcode="call(48) " fcode="call"/>
<opset="StgValue_11/1 "/>
</bind>
</comp>

<comp id="192" class="1004" name="grp_findCharacteristicPo_fu_192">
<pin_list>
<pin id="193" dir="0" index="0" bw="0" slack="0"/>
<pin id="194" dir="0" index="1" bw="32" slack="2"/>
<pin id="195" dir="0" index="2" bw="32" slack="2"/>
<pin id="196" dir="0" index="3" bw="32" slack="2"/>
<pin id="197" dir="0" index="4" bw="32" slack="2"/>
<pin id="198" dir="0" index="5" bw="32" slack="0"/>
<pin id="199" dir="0" index="6" bw="32" slack="2"/>
<pin id="200" dir="0" index="7" bw="32" slack="0"/>
<pin id="201" dir="0" index="8" bw="32" slack="2"/>
<pin id="202" dir="0" index="9" bw="2" slack="0"/>
<pin id="203" dir="0" index="10" bw="2" slack="0"/>
<pin id="204" dir="0" index="11" bw="2" slack="0"/>
<pin id="205" dir="0" index="12" bw="6" slack="0"/>
<pin id="206" dir="0" index="13" bw="32" slack="0"/>
<pin id="207" dir="0" index="14" bw="32" slack="0"/>
<pin id="208" dir="1" index="15" bw="0" slack="2147483647"/>
</pin_list>
<bind>
<opcode="call(48) " fcode="call"/>
<opset="StgValue_13/3 "/>
</bind>
</comp>

<comp id="218" class="1005" name="pointNumber_offset_c_reg_218">
<pin_list>
<pin id="219" dir="0" index="0" bw="32" slack="0"/>
<pin id="220" dir="1" index="1" bw="32" slack="0"/>
</pin_list>
<bind>
<opset="pointNumber_offset_c "/>
</bind>
</comp>

<comp id="224" class="1005" name="keyPoints_V_offset_c_reg_224">
<pin_list>
<pin id="225" dir="0" index="0" bw="32" slack="0"/>
<pin id="226" dir="1" index="1" bw="32" slack="0"/>
</pin_list>
<bind>
<opset="keyPoints_V_offset_c "/>
</bind>
</comp>

<comp id="230" class="1005" name="this_assign_1_reload_reg_230">
<pin_list>
<pin id="231" dir="0" index="0" bw="32" slack="0"/>
<pin id="232" dir="1" index="1" bw="32" slack="0"/>
</pin_list>
<bind>
<opset="this_assign_1_reload "/>
</bind>
</comp>

<comp id="236" class="1005" name="dets_0_V_V_reg_236">
<pin_list>
<pin id="237" dir="0" index="0" bw="32" slack="0"/>
<pin id="238" dir="1" index="1" bw="32" slack="0"/>
</pin_list>
<bind>
<opset="dets_0_V_V "/>
</bind>
</comp>

<comp id="242" class="1005" name="dets_1_V_V_reg_242">
<pin_list>
<pin id="243" dir="0" index="0" bw="32" slack="0"/>
<pin id="244" dir="1" index="1" bw="32" slack="0"/>
</pin_list>
<bind>
<opset="dets_1_V_V "/>
</bind>
</comp>

<comp id="248" class="1005" name="dets_2_V_V_reg_248">
<pin_list>
<pin id="249" dir="0" index="0" bw="32" slack="0"/>
<pin id="250" dir="1" index="1" bw="32" slack="0"/>
</pin_list>
<bind>
<opset="dets_2_V_V "/>
</bind>
</comp>

</comp_list>

<net_list>
<net id="117"><net_src comp="60" pin="0"/><net_sink comp="114" pin=0"/></net>

<net id="121"><net_src comp="60" pin="0"/><net_sink comp="118" pin=0"/></net>

<net id="125"><net_src comp="60" pin="0"/><net_sink comp="122" pin=0"/></net>

<net id="129"><net_src comp="60" pin="0"/><net_sink comp="126" pin=0"/></net>

<net id="133"><net_src comp="60" pin="0"/><net_sink comp="130" pin=0"/></net>

<net id="137"><net_src comp="60" pin="0"/><net_sink comp="134" pin=0"/></net>

<net id="169"><net_src comp="62" pin="0"/><net_sink comp="138" pin=0"/></net>

<net id="170"><net_src comp="8" pin="0"/><net_sink comp="138" pin=4"/></net>

<net id="171"><net_src comp="2" pin="0"/><net_sink comp="138" pin=6"/></net>

<net id="172"><net_src comp="6" pin="0"/><net_sink comp="138" pin=7"/></net>

<net id="173"><net_src comp="10" pin="0"/><net_sink comp="138" pin=10"/></net>

<net id="174"><net_src comp="12" pin="0"/><net_sink comp="138" pin=11"/></net>

<net id="175"><net_src comp="14" pin="0"/><net_sink comp="138" pin=12"/></net>

<net id="176"><net_src comp="16" pin="0"/><net_sink comp="138" pin=13"/></net>

<net id="177"><net_src comp="18" pin="0"/><net_sink comp="138" pin=14"/></net>

<net id="178"><net_src comp="20" pin="0"/><net_sink comp="138" pin=15"/></net>

<net id="179"><net_src comp="22" pin="0"/><net_sink comp="138" pin=16"/></net>

<net id="180"><net_src comp="24" pin="0"/><net_sink comp="138" pin=17"/></net>

<net id="181"><net_src comp="26" pin="0"/><net_sink comp="138" pin=18"/></net>

<net id="182"><net_src comp="28" pin="0"/><net_sink comp="138" pin=19"/></net>

<net id="183"><net_src comp="30" pin="0"/><net_sink comp="138" pin=20"/></net>

<net id="184"><net_src comp="32" pin="0"/><net_sink comp="138" pin=21"/></net>

<net id="185"><net_src comp="34" pin="0"/><net_sink comp="138" pin=22"/></net>

<net id="186"><net_src comp="36" pin="0"/><net_sink comp="138" pin=23"/></net>

<net id="187"><net_src comp="38" pin="0"/><net_sink comp="138" pin=24"/></net>

<net id="188"><net_src comp="40" pin="0"/><net_sink comp="138" pin=25"/></net>

<net id="189"><net_src comp="42" pin="0"/><net_sink comp="138" pin=26"/></net>

<net id="190"><net_src comp="44" pin="0"/><net_sink comp="138" pin=27"/></net>

<net id="191"><net_src comp="46" pin="0"/><net_sink comp="138" pin=28"/></net>

<net id="209"><net_src comp="64" pin="0"/><net_sink comp="192" pin=0"/></net>

<net id="210"><net_src comp="0" pin="0"/><net_sink comp="192" pin=5"/></net>

<net id="211"><net_src comp="4" pin="0"/><net_sink comp="192" pin=7"/></net>

<net id="212"><net_src comp="48" pin="0"/><net_sink comp="192" pin=9"/></net>

<net id="213"><net_src comp="50" pin="0"/><net_sink comp="192" pin=10"/></net>

<net id="214"><net_src comp="52" pin="0"/><net_sink comp="192" pin=11"/></net>

<net id="215"><net_src comp="54" pin="0"/><net_sink comp="192" pin=12"/></net>

<net id="216"><net_src comp="56" pin="0"/><net_sink comp="192" pin=13"/></net>

<net id="217"><net_src comp="58" pin="0"/><net_sink comp="192" pin=14"/></net>

<net id="221"><net_src comp="114" pin="1"/><net_sink comp="218" pin=0"/></net>

<net id="222"><net_src comp="218" pin="1"/><net_sink comp="138" pin=9"/></net>

<net id="223"><net_src comp="218" pin="1"/><net_sink comp="192" pin=8"/></net>

<net id="227"><net_src comp="118" pin="1"/><net_sink comp="224" pin=0"/></net>

<net id="228"><net_src comp="224" pin="1"/><net_sink comp="138" pin=8"/></net>

<net id="229"><net_src comp="224" pin="1"/><net_sink comp="192" pin=6"/></net>

<net id="233"><net_src comp="122" pin="1"/><net_sink comp="230" pin=0"/></net>

<net id="234"><net_src comp="230" pin="1"/><net_sink comp="138" pin=5"/></net>

<net id="235"><net_src comp="230" pin="1"/><net_sink comp="192" pin=4"/></net>

<net id="239"><net_src comp="126" pin="1"/><net_sink comp="236" pin=0"/></net>

<net id="240"><net_src comp="236" pin="1"/><net_sink comp="138" pin=1"/></net>

<net id="241"><net_src comp="236" pin="1"/><net_sink comp="192" pin=1"/></net>

<net id="245"><net_src comp="130" pin="1"/><net_sink comp="242" pin=0"/></net>

<net id="246"><net_src comp="242" pin="1"/><net_sink comp="138" pin=2"/></net>

<net id="247"><net_src comp="242" pin="1"/><net_sink comp="192" pin=2"/></net>

<net id="251"><net_src comp="134" pin="1"/><net_sink comp="248" pin=0"/></net>

<net id="252"><net_src comp="248" pin="1"/><net_sink comp="138" pin=3"/></net>

<net id="253"><net_src comp="248" pin="1"/><net_sink comp="192" pin=3"/></net>

</net_list>

</model> 
---------------- Datapath Model END ------------------

* FSMD analyzer results:
  - Output states:
	Port: keyPoints_V | {3 4 }
	Port: pointNumber | {3 4 }
	Port: MSB_V | {1 2 }
	Port: sumBuf | {1 2 }
	Port: bRow_V_0 | {3 4 }
	Port: bRow_V_1 | {3 4 }
	Port: bRow_V_2 | {3 4 }
	Port: MSB_V_1 | {3 4 }
	Port: N1_V | {3 4 }
	Port: tmpPointNum | {3 4 }
 - Input state : 
	Port: HessianDetector : keyPoints_V_offset | {1 2 }
	Port: HessianDetector : pointNumber_offset | {1 2 }
	Port: HessianDetector : this_assign_1_loc | {1 2 }
	Port: HessianDetector : MSB_V | {1 2 }
	Port: HessianDetector : sum_V | {1 2 }
	Port: HessianDetector : sumBuf | {1 2 }
	Port: HessianDetector : sizes | {1 2 }
	Port: HessianDetector : Dx_V_0 | {1 2 }
	Port: HessianDetector : Dx_V_1 | {1 2 }
	Port: HessianDetector : Dx_V_2 | {1 2 }
	Port: HessianDetector : Dx_V_3 | {1 2 }
	Port: HessianDetector : Dx_V_4 | {1 2 }
	Port: HessianDetector : Dy_V_0 | {1 2 }
	Port: HessianDetector : Dy_V_1 | {1 2 }
	Port: HessianDetector : Dy_V_2 | {1 2 }
	Port: HessianDetector : Dy_V_3 | {1 2 }
	Port: HessianDetector : Dy_V_4 | {1 2 }
	Port: HessianDetector : Dxy_V_2 | {1 2 }
	Port: HessianDetector : Dxy_V_3 | {1 2 }
	Port: HessianDetector : Dxy_V_0 | {1 2 }
	Port: HessianDetector : Dxy_V_1 | {1 2 }
	Port: HessianDetector : Dxy_V_4 | {1 2 }
	Port: HessianDetector : bRow_V_0 | {3 4 }
	Port: HessianDetector : bRow_V_1 | {3 4 }
	Port: HessianDetector : bRow_V_2 | {3 4 }
	Port: HessianDetector : MSB_V_1 | {3 4 }
	Port: HessianDetector : N1_V | {3 4 }
	Port: HessianDetector : tmpPointNum | {3 4 }
  - Chain level:
	State 1
		StgValue_11 : 1
	State 2
	State 3
	State 4


============================================================
+ Verbose Summary: Datapath Resource usage 
============================================================

* Functional unit list:
|----------|---------------------------------|---------|---------|---------|---------|
| Operation|         Functional Unit         |  DSP48E |  Delay  |    FF   |   LUT   |
|----------|---------------------------------|---------|---------|---------|---------|
|   call   | grp_calcLayerDetAndTrace_fu_138 |    10   |  15.457 |   1931  |   6985  |
|          | grp_findCharacteristicPo_fu_192 |    1    |  4.835  |   951   |   906   |
|----------|---------------------------------|---------|---------|---------|---------|
|   Total  |                                 |    11   |  20.292 |   2882  |   7891  |
|----------|---------------------------------|---------|---------|---------|---------|

Memories:
N/A

* Register list:
+----------------------------+--------+
|                            |   FF   |
+----------------------------+--------+
|     dets_0_V_V_reg_236     |   32   |
|     dets_1_V_V_reg_242     |   32   |
|     dets_2_V_V_reg_248     |   32   |
|keyPoints_V_offset_c_reg_224|   32   |
|pointNumber_offset_c_reg_218|   32   |
|this_assign_1_reload_reg_230|   32   |
+----------------------------+--------+
|            Total           |   192  |
+----------------------------+--------+

* Multiplexer (MUX) list: 
|--------|------|------|------|--------|
|  Comp  |  Pin | Size |  BW  | S x BW |
|--------|------|------|------|--------|
|  Total |      |      |      |    0   |
|--------|------|------|------|--------|



* Summary:
+-----------+--------+--------+--------+--------+
|           | DSP48E |  Delay |   FF   |   LUT  |
+-----------+--------+--------+--------+--------+
|  Function |   11   |   20   |  2882  |  7891  |
|   Memory  |    -   |    -   |    -   |    -   |
|Multiplexer|    -   |    -   |    -   |    -   |
|  Register |    -   |    -   |   192  |    -   |
+-----------+--------+--------+--------+--------+
|   Total   |   11   |   20   |  3074  |  7891  |
+-----------+--------+--------+--------+--------+
